# klass L2 블랙박스 QA — 실행 증적 (요청·응답 원문)
# 실행 시각: 2026-09-05 22:30:46 KST
# 대상: http://localhost:8080 · git 745103a
# 요청 Authorization 헤더의 토큰만 앞 24자로 절단해 기록한다. 응답 본문은 원문 그대로다

[22:30:46] --> POST /v1/auth/login
    RequestBody: {"username":"chals","password":"test"}
    <-- HTTP 200
    ResponseBody: {"success":true,"data":{"tokenType":"Bearer","accessToken":"eyJhbGciOiJIUzI1NiJ9.eyJzdWIiOiIxIiwicm9sZXMiOlsiUk9MRV9VU0VSIl0sImlzcyI6ImtsYXNzIiwidHlwIjoiQUNDRVNTIiwiZXhwIjoxNzg4NjE2ODQ2LCJpYXQiOjE3ODg2MTUwNDYsImp0aSI6ImFjZGE0YmQ3LWFiYmQtNDViNy1iOTRlLWNjZGQ1MGMxNDYwZCIsInVzZXJuYW1lIjoiY2hhbHMifQ.5aUQsq2ylWQKZl6bG47lS47YzEx8IUent7mqo3xs3ic","accessTokenExpiresIn":1800,"accessTokenExpiresAt":"2026-09-05T23:00:46.427153","refreshToken":"eyJhbGciOiJIUzI1NiJ9.eyJpc3MiOiJrbGFzcyIsInN1YiI6IjEiLCJ0eXAiOiJSRUZSRVNIIiwiZXhwIjoxNzg5ODI0NjQ2LCJpYXQiOjE3ODg2MTUwNDYsImp0aSI6ImQ2NmMxNDk5LTU1MDUtNGIzMS04NWM2LWMyZmZjNjMyNTQxZiJ9.7dNEwYWTlqmAW6ij29-4nd1R6JwrpslN1lxXrOUiOTg","refreshTokenExpiresIn":1209600,"refreshTokenExpiresAt":"2026-09-19T22:30:46.454903"},"error":null}
    ==[ AUTH-01: PASS — HTTP 200 ]==

[22:30:46] --> POST /v1/auth/login
    RequestBody: {"username":"chals","password":"wrong"}
    <-- HTTP 401
    ResponseBody: {"success":false,"data":null,"error":{"code":"INVALID_CREDENTIALS","message":"아이디 또는 비밀번호가 올바르지 않습니다","details":{}}}
    ==[ AUTH-02: PASS — HTTP 401 ]==

[22:30:46] --> POST /v1/auth/login
    RequestBody: {"username":"ghost-nobody","password":"wrong"}
    <-- HTTP 401
    ResponseBody: {"success":false,"data":null,"error":{"code":"INVALID_CREDENTIALS","message":"아이디 또는 비밀번호가 올바르지 않습니다","details":{}}}
    ==[ AUTH-03: PASS — HTTP 401 ]==

[22:30:46] --> POST /v1/auth/reissue
    RequestBody: {"refreshToken":"eyJhbGciOiJIUzI1NiJ9.eyJpc3MiOiJrbGFzcyIsInN1YiI6IjEiLCJ0eXAiOiJSRUZSRVNIIiwiZXhwIjoxNzg5ODI0NjQ2LCJpYXQiOjE3ODg2MTUwNDYsImp0aSI6ImQ2NmMxNDk5LTU1MDUtNGIzMS04NWM2LWMyZmZjNjMyNTQxZiJ9.7dNEwYWTlqmAW6ij29-4nd1R6JwrpslN1lxXrOUiOTg"}
    <-- HTTP 200
    ResponseBody: {"success":true,"data":{"tokenType":"Bearer","accessToken":"eyJhbGciOiJIUzI1NiJ9.eyJzdWIiOiIxIiwicm9sZXMiOlsiUk9MRV9VU0VSIl0sImlzcyI6ImtsYXNzIiwidHlwIjoiQUNDRVNTIiwiZXhwIjoxNzg4NjE2ODQ2LCJpYXQiOjE3ODg2MTUwNDYsImp0aSI6IjQ1MmQ3ZmRkLTQ3NWYtNGUyNy1iNTFlLWU1OTJjMDRhYTU0NyIsInVzZXJuYW1lIjoiY2hhbHMifQ.TLnVt7qFwra0srcXlqslPJG92_C5VV84aa3oxVP9SPg","accessTokenExpiresIn":1800,"accessTokenExpiresAt":"2026-09-05T23:00:46.899669","refreshToken":"eyJhbGciOiJIUzI1NiJ9.eyJpc3MiOiJrbGFzcyIsInN1YiI6IjEiLCJ0eXAiOiJSRUZSRVNIIiwiZXhwIjoxNzg5ODI0NjQ2LCJpYXQiOjE3ODg2MTUwNDYsImp0aSI6IjkyMzQzZjM5LTliMDktNGU3NC1hNGNhLWFhOTI4OTJiZjNlNSJ9.cIotN9klLHuff6pgTHeSqCVkziYkHeFcj6SHotFCieE","refreshTokenExpiresIn":1209600,"refreshTokenExpiresAt":"2026-09-19T22:30:46.900003"},"error":null}
    ==[ AUTH-04: PASS — HTTP 200 ]==

[22:30:47] --> POST /v1/auth/reissue
    RequestBody: {"refreshToken":"eyJhbGciOiJIUzI1NiJ9.eyJpc3MiOiJrbGFzcyIsInN1YiI6IjEiLCJ0eXAiOiJSRUZSRVNIIiwiZXhwIjoxNzg5ODI0NjQ2LCJpYXQiOjE3ODg2MTUwNDYsImp0aSI6ImQ2NmMxNDk5LTU1MDUtNGIzMS04NWM2LWMyZmZjNjMyNTQxZiJ9.7dNEwYWTlqmAW6ij29-4nd1R6JwrpslN1lxXrOUiOTg"}
    <-- HTTP 401
    ResponseBody: {"success":false,"data":null,"error":{"code":"REFRESH_TOKEN_REUSED","message":"이미 사용된 리프레시 토큰입니다","details":{}}}
    ==[ AUTH-05a: PASS — HTTP 401 ]==

[22:30:47] --> POST /v1/auth/reissue
    RequestBody: {"refreshToken":"eyJhbGciOiJIUzI1NiJ9.eyJpc3MiOiJrbGFzcyIsInN1YiI6IjEiLCJ0eXAiOiJSRUZSRVNIIiwiZXhwIjoxNzg5ODI0NjQ2LCJpYXQiOjE3ODg2MTUwNDYsImp0aSI6IjkyMzQzZjM5LTliMDktNGU3NC1hNGNhLWFhOTI4OTJiZjNlNSJ9.cIotN9klLHuff6pgTHeSqCVkziYkHeFcj6SHotFCieE"}
    <-- HTTP 401
    ResponseBody: {"success":false,"data":null,"error":{"code":"REFRESH_TOKEN_REUSED","message":"이미 사용된 리프레시 토큰입니다","details":{}}}
    ==[ AUTH-05b: PASS — HTTP 401 ]==

[22:30:47] --> POST /v1/auth/login
    RequestBody: {"username":"chals","password":"test"}
    <-- HTTP 200
    ResponseBody: {"success":true,"data":{"tokenType":"Bearer","accessToken":"eyJhbGciOiJIUzI1NiJ9.eyJzdWIiOiIxIiwicm9sZXMiOlsiUk9MRV9VU0VSIl0sImlzcyI6ImtsYXNzIiwidHlwIjoiQUNDRVNTIiwiZXhwIjoxNzg4NjE2ODQ3LCJpYXQiOjE3ODg2MTUwNDcsImp0aSI6IjRhMDAwNTM4LWY1M2ItNDRlOC1hZjg3LWIyZGViM2Q4NTgyNSIsInVzZXJuYW1lIjoiY2hhbHMifQ.jjNnljebsPTHH1TP1I6EN90WLru6NeXw0p8lzQqZ5ow","accessTokenExpiresIn":1800,"accessTokenExpiresAt":"2026-09-05T23:00:47.120817","refreshToken":"eyJhbGciOiJIUzI1NiJ9.eyJpc3MiOiJrbGFzcyIsInN1YiI6IjEiLCJ0eXAiOiJSRUZSRVNIIiwiZXhwIjoxNzg5ODI0NjQ3LCJpYXQiOjE3ODg2MTUwNDcsImp0aSI6IjVlMzk0OTY0LTg3NDItNDJhNS05YmY2LTVlMTE3MjMyY2M0NCJ9.IeSbxn6QvLhJtKJ0sFBF__eieob59jArey87zp5KMtc","refreshTokenExpiresIn":1209600,"refreshTokenExpiresAt":"2026-09-19T22:30:47.121129"},"error":null}
[22:30:47] --> POST /v1/auth/logout
    Authorization: Bearer eyJhbGciOiJIUzI1NiJ9.eyJ...
    RequestBody: {"refreshToken":"eyJhbGciOiJIUzI1NiJ9.eyJpc3MiOiJrbGFzcyIsInN1YiI6IjEiLCJ0eXAiOiJSRUZSRVNIIiwiZXhwIjoxNzg5ODI0NjQ3LCJpYXQiOjE3ODg2MTUwNDcsImp0aSI6IjVlMzk0OTY0LTg3NDItNDJhNS05YmY2LTVlMTE3MjMyY2M0NCJ9.IeSbxn6QvLhJtKJ0sFBF__eieob59jArey87zp5KMtc"}
    <-- HTTP 204
    ResponseBody: 
[22:30:47] --> GET /v1/users/me
    Authorization: Bearer eyJhbGciOiJIUzI1NiJ9.eyJ...
    <-- HTTP 401
    ResponseBody: {"success":false,"data":null,"error":{"code":"TOKEN_REVOKED","message":"로그아웃된 토큰입니다","details":{}}}
    ==[ AUTH-06: PASS — HTTP 401 ]==

[22:30:47] --> POST /v1/auth/login
    RequestBody: {"username":"chals","password":"test"}
    <-- HTTP 200
    ResponseBody: {"success":true,"data":{"tokenType":"Bearer","accessToken":"eyJhbGciOiJIUzI1NiJ9.eyJzdWIiOiIxIiwicm9sZXMiOlsiUk9MRV9VU0VSIl0sImlzcyI6ImtsYXNzIiwidHlwIjoiQUNDRVNTIiwiZXhwIjoxNzg4NjE2ODQ3LCJpYXQiOjE3ODg2MTUwNDcsImp0aSI6ImI1MjNkZTk2LTEwNWMtNDljZS1hNmNiLTVmZTc5ZDFmM2E1YyIsInVzZXJuYW1lIjoiY2hhbHMifQ.R-qN81ysyMT3AWNcxVoAnLbvnsKvV9KgQwfqQ9dt8Us","accessTokenExpiresIn":1800,"accessTokenExpiresAt":"2026-09-05T23:00:47.314581","refreshToken":"eyJhbGciOiJIUzI1NiJ9.eyJpc3MiOiJrbGFzcyIsInN1YiI6IjEiLCJ0eXAiOiJSRUZSRVNIIiwiZXhwIjoxNzg5ODI0NjQ3LCJpYXQiOjE3ODg2MTUwNDcsImp0aSI6IjYwZjZmMjdmLWE4YmUtNDk1Yy1hZDQ2LTNjZjc4ZWFiMTcwNyJ9.zjQM6GgOcgwyhjxa6SOLtt8tkjCzEVCYkFZY-_HsRYo","refreshTokenExpiresIn":1209600,"refreshTokenExpiresAt":"2026-09-19T22:30:47.314817"},"error":null}
[22:30:47] --> GET /v1/users/me
    Authorization: Bearer eyJhbGciOiJIUzI1NiJ9.eyJ...
    <-- HTTP 401
    ResponseBody: {"success":false,"data":null,"error":{"code":"TOKEN_TYPE_MISMATCH","message":"토큰 유형이 올바르지 않습니다","details":{}}}
    ==[ AUTH-07: PASS — HTTP 401 ]==

[22:30:47] --> GET /v1/users/me
    <-- HTTP 401
    ResponseBody: {"success":false,"data":null,"error":{"code":"UNAUTHENTICATED","message":"인증이 필요합니다","details":{}}}
    ==[ AUTH-08: PASS — HTTP 401 ]==

[22:30:47] --> GET /v1/users/me
    Authorization: Bearer eyJhbGciOiJIUzI1NiJ9.eyJ...
    <-- HTTP 200
    ResponseBody: {"success":true,"data":{"id":1,"username":"chals","roles":["ROLE_USER"],"isEnabled":true,"createdAt":"2026-09-05T22:30:20.619174"},"error":null}
    ==[ USER-01: PASS — HTTP 200 ]==

[22:30:47] --> POST /v1/auth/login
    RequestBody: {"username":"creator","password":"test"}
    <-- HTTP 200
    ResponseBody: {"success":true,"data":{"tokenType":"Bearer","accessToken":"eyJhbGciOiJIUzI1NiJ9.eyJzdWIiOiIzIiwicm9sZXMiOlsiUk9MRV9DUkVBVE9SIiwiUk9MRV9VU0VSIl0sImlzcyI6ImtsYXNzIiwidHlwIjoiQUNDRVNTIiwiZXhwIjoxNzg4NjE2ODQ3LCJpYXQiOjE3ODg2MTUwNDcsImp0aSI6IjliNGRiMGU1LTQ0NjMtNDRkNi1hMzVlLTczMmQwMmExNWQ1YyIsInVzZXJuYW1lIjoiY3JlYXRvciJ9.gdoF12kIUz9bybuAa_zXky2WHTIk1NelukCgUNMp5OA","accessTokenExpiresIn":1800,"accessTokenExpiresAt":"2026-09-05T23:00:47.55456","refreshToken":"eyJhbGciOiJIUzI1NiJ9.eyJpc3MiOiJrbGFzcyIsInN1YiI6IjMiLCJ0eXAiOiJSRUZSRVNIIiwiZXhwIjoxNzg5ODI0NjQ3LCJpYXQiOjE3ODg2MTUwNDcsImp0aSI6ImMwMzFiMTc3LWExMWItNDU0Yi1hMTcxLTFjYjNmMzIzMzY2MyJ9.8SvxW4E9YpH6QB-FXfuPWI3pO7RIUnkMsAxuA4qa_Pg","refreshTokenExpiresIn":1209600,"refreshTokenExpiresAt":"2026-09-19T22:30:47.554826"},"error":null}
[22:30:47] --> POST /v1/auth/login
    RequestBody: {"username":"chals2","password":"test"}
    <-- HTTP 200
    ResponseBody: {"success":true,"data":{"tokenType":"Bearer","accessToken":"eyJhbGciOiJIUzI1NiJ9.eyJzdWIiOiIyIiwicm9sZXMiOlsiUk9MRV9VU0VSIl0sImlzcyI6ImtsYXNzIiwidHlwIjoiQUNDRVNTIiwiZXhwIjoxNzg4NjE2ODQ3LCJpYXQiOjE3ODg2MTUwNDcsImp0aSI6IjI4Yjg4YmFkLThiYTItNDYwNi1hNDEyLTY0MGNkYmM0NDgxNCIsInVzZXJuYW1lIjoiY2hhbHMyIn0.0TnFGL-nZaWhHv56_ZdFZwaKcwYCJz0zKCQTjkPpLqg","accessTokenExpiresIn":1800,"accessTokenExpiresAt":"2026-09-05T23:00:47.665319","refreshToken":"eyJhbGciOiJIUzI1NiJ9.eyJpc3MiOiJrbGFzcyIsInN1YiI6IjIiLCJ0eXAiOiJSRUZSRVNIIiwiZXhwIjoxNzg5ODI0NjQ3LCJpYXQiOjE3ODg2MTUwNDcsImp0aSI6ImExMDYxZWQ4LWJjM2YtNDFhYS05MWFkLTNjN2FlODE5NTBmZiJ9.3f_9rmQps-42GIVqw3RNkomc9fzCtsKHu1uw2FH0jkA","refreshTokenExpiresIn":1209600,"refreshTokenExpiresAt":"2026-09-19T22:30:47.66559"},"error":null}
[22:30:47] --> POST /v1/klasses
    Authorization: Bearer eyJhbGciOiJIUzI1NiJ9.eyJ...
    RequestBody: {"title":"QA 강의","description":"L2 QA 용","capacity":1,"price":10000,"startsOn":"2026-10-01","endsOn":"2026-10-31","cancellationPeriodDays":7}
    <-- HTTP 201
    ResponseBody: {"success":true,"data":{"id":1,"title":"QA 강의","description":"L2 QA 용","price":10000,"capacity":1,"enrollmentCount":0,"status":"DRAFT","startsOn":"2026-10-01","endsOn":"2026-10-31","cancellationPeriodDays":7,"creator":{"id":3,"username":"creator"},"createdAt":"2026-09-05T22:30:47.712782","updatedAt":"2026-09-05T22:30:47.712782"},"error":null}
    ==[ KLASS-01: PASS — HTTP 201 ]==

[22:30:47] --> POST /v1/klasses
    Authorization: Bearer eyJhbGciOiJIUzI1NiJ9.eyJ...
    RequestBody: {"title":"QA 강의","description":"L2 QA 용","capacity":1,"price":10000,"startsOn":"2026-10-01","endsOn":"2026-10-31","cancellationPeriodDays":7}
    <-- HTTP 403
    ResponseBody: {"success":false,"data":null,"error":{"code":"ACCESS_DENIED","message":"접근 권한이 없습니다","details":{}}}
    ==[ KLASS-02: PASS — HTTP 403 ]==

[22:30:47] --> GET /v1/klasses
    <-- HTTP 200
    ResponseBody: {"success":true,"data":{"items":[],"hasNext":false,"nextCursor":null},"error":null}
[22:30:47] --> GET /v1/klasses/1
    Authorization: Bearer eyJhbGciOiJIUzI1NiJ9.eyJ...
    <-- HTTP 404
    ResponseBody: {"success":false,"data":null,"error":{"code":"KLASS_NOT_FOUND","message":"강의를 찾을 수 없습니다","details":{}}}
    ==[ KLASS-04: PASS — HTTP 404 ]==

[22:30:47] --> GET /v1/klasses/1
    Authorization: Bearer eyJhbGciOiJIUzI1NiJ9.eyJ...
    <-- HTTP 200
    ResponseBody: {"success":true,"data":{"id":1,"title":"QA 강의","description":"L2 QA 용","price":10000.00,"capacity":1,"enrollmentCount":0,"status":"DRAFT","startsOn":"2026-10-01","endsOn":"2026-10-31","cancellationPeriodDays":7,"creator":{"id":3,"username":"creator"},"createdAt":"2026-09-05T22:30:47.712782","updatedAt":"2026-09-05T22:30:47.712782"},"error":null}
    ==[ KLASS-05: PASS — HTTP 200 ]==

[22:30:47] --> POST /v1/klasses
    Authorization: Bearer eyJhbGciOiJIUzI1NiJ9.eyJ...
    RequestBody: {"title":"bad","description":"x","capacity":0,"price":10000,"startsOn":"2026-10-01","endsOn":"2026-10-31"}
    <-- HTTP 400
    ResponseBody: {"success":false,"data":null,"error":{"code":"VALIDATION_ERROR","message":"입력값이 올바르지 않습니다","details":{"capacity":"정원은 1명 이상이어야 합니다"}}}
    ==[ KLASS-06: PASS — HTTP 400 ]==

[22:30:47] --> PATCH /v1/klasses/1/status
    Authorization: Bearer eyJhbGciOiJIUzI1NiJ9.eyJ...
    RequestBody: {"status":"OPEN"}
    <-- HTTP 200
    ResponseBody: {"success":true,"data":{"id":1,"title":"QA 강의","description":"L2 QA 용","price":10000.00,"capacity":1,"enrollmentCount":0,"status":"OPEN","startsOn":"2026-10-01","endsOn":"2026-10-31","cancellationPeriodDays":7,"creator":{"id":3,"username":"creator"},"createdAt":"2026-09-05T22:30:47.712782","updatedAt":"2026-09-05T22:30:47.961127"},"error":null}
    ==[ KLASS-07: PASS — HTTP 200 ]==

[22:30:48] --> PATCH /v1/klasses/1/status
    Authorization: Bearer eyJhbGciOiJIUzI1NiJ9.eyJ...
    RequestBody: {"status":"CLOSED"}
    <-- HTTP 403
    ResponseBody: {"success":false,"data":null,"error":{"code":"ACCESS_DENIED","message":"접근 권한이 없습니다","details":{}}}
    ==[ KLASS-08: PASS — HTTP 403 ]==

[22:30:48] --> POST /v1/klasses/1/enrollments
    Authorization: Bearer eyJhbGciOiJIUzI1NiJ9.eyJ...
    <-- HTTP 201
    ResponseBody: {"success":true,"data":{"id":1,"klassId":1,"klassTitle":"QA 강의","status":"PENDING","source":"DIRECT","createdAt":"2026-09-05T22:30:48.015477","expiresAt":"2026-09-05T23:00:48.015477","confirmedAt":null,"cancelledAt":null,"cancelReason":null,"isCancellable":true},"error":null}
    ==[ ENR-01: PASS — HTTP 201 ]==

[22:30:48] --> PATCH /v1/klasses/1/status
    Authorization: Bearer eyJhbGciOiJIUzI1NiJ9.eyJ...
    RequestBody: {"status":"DRAFT"}
    <-- HTTP 409
    ResponseBody: {"success":false,"data":null,"error":{"code":"INVALID_KLASS_STATUS_TRANSITION","message":"허용되지 않는 상태 변경입니다","details":{}}}
    ==[ KLASS-09: PASS — HTTP 409 ]==

[22:30:48] --> POST /v1/klasses
    Authorization: Bearer eyJhbGciOiJIUzI1NiJ9.eyJ...
    RequestBody: {"title":"QA 강의","description":"L2 QA 용","capacity":1,"price":10000,"startsOn":"2026-10-01","endsOn":"2026-10-31","cancellationPeriodDays":7}
    <-- HTTP 201
    ResponseBody: {"success":true,"data":{"id":2,"title":"QA 강의","description":"L2 QA 용","price":10000,"capacity":1,"enrollmentCount":0,"status":"DRAFT","startsOn":"2026-10-01","endsOn":"2026-10-31","cancellationPeriodDays":7,"creator":{"id":3,"username":"creator"},"createdAt":"2026-09-05T22:30:48.16745","updatedAt":"2026-09-05T22:30:48.16745"},"error":null}
[22:30:48] --> POST /v1/klasses/2/enrollments
    Authorization: Bearer eyJhbGciOiJIUzI1NiJ9.eyJ...
    <-- HTTP 409
    ResponseBody: {"success":false,"data":null,"error":{"code":"KLASS_NOT_OPEN","message":"모집 중인 강의가 아닙니다","details":{}}}
    ==[ ENR-02: PASS — HTTP 409 ]==

[22:30:48] --> POST /v1/klasses/1/enrollments
    Authorization: Bearer eyJhbGciOiJIUzI1NiJ9.eyJ...
    <-- HTTP 409
    ResponseBody: {"success":false,"data":null,"error":{"code":"DUPLICATE_ENROLLMENT","message":"이미 신청한 강의입니다","details":{}}}
    ==[ ENR-03: PASS — HTTP 409 ]==

[22:30:48] --> POST /v1/klasses/1/enrollments
    Authorization: Bearer eyJhbGciOiJIUzI1NiJ9.eyJ...
    <-- HTTP 403
    ResponseBody: {"success":false,"data":null,"error":{"code":"SELF_ENROLLMENT_FORBIDDEN","message":"본인이 개설한 강의는 신청할 수 없습니다","details":{}}}
    ==[ ENR-04: PASS — HTTP 403 ]==

[22:30:48] --> POST /v1/klasses/1/enrollments
    Authorization: Bearer eyJhbGciOiJIUzI1NiJ9.eyJ...
    <-- HTTP 409
    ResponseBody: {"success":false,"data":null,"error":{"code":"KLASS_CAPACITY_FULL","message":"정원이 모두 찼습니다","details":{}}}
    ==[ ENR-05: PASS — HTTP 409 ]==

[22:30:48] --> POST /v1/enrollments/1/confirm
    Authorization: Bearer eyJhbGciOiJIUzI1NiJ9.eyJ...
    <-- HTTP 403
    ResponseBody: {"success":false,"data":null,"error":{"code":"NOT_ENROLLMENT_OWNER","message":"본인의 수강 신청만 관리할 수 있습니다","details":{}}}
    ==[ ENR-07: PASS — HTTP 403 ]==

[22:30:48] --> POST /v1/enrollments/1/confirm
    Authorization: Bearer eyJhbGciOiJIUzI1NiJ9.eyJ...
    <-- HTTP 200
    ResponseBody: {"success":true,"data":{"id":1,"klassId":1,"klassTitle":"QA 강의","status":"CONFIRMED","source":"DIRECT","createdAt":"2026-09-05T22:30:48.015477","expiresAt":null,"confirmedAt":"2026-09-05T22:30:48.392797","cancelledAt":null,"cancelReason":null,"isCancellable":true},"error":null}
    ==[ ENR-06: PASS — HTTP 200 ]==

[22:30:48] --> POST /v1/enrollments/1/confirm
    Authorization: Bearer eyJhbGciOiJIUzI1NiJ9.eyJ...
    <-- HTTP 409
    ResponseBody: {"success":false,"data":null,"error":{"code":"INVALID_ENROLLMENT_STATUS_TRANSITION","message":"허용되지 않는 상태 변경입니다","details":{}}}
    ==[ ENR-08: PASS — HTTP 409 ]==

[22:30:48] --> POST /v1/enrollments/1/cancel
    Authorization: Bearer eyJhbGciOiJIUzI1NiJ9.eyJ...
    <-- HTTP 403
    ResponseBody: {"success":false,"data":null,"error":{"code":"NOT_ENROLLMENT_OWNER","message":"본인의 수강 신청만 관리할 수 있습니다","details":{}}}
    ==[ ENR-10: PASS — HTTP 403 ]==

[22:30:48] --> GET /v1/enrollments/1
    Authorization: Bearer eyJhbGciOiJIUzI1NiJ9.eyJ...
    <-- HTTP 403
    ResponseBody: {"success":false,"data":null,"error":{"code":"NOT_ENROLLMENT_OWNER","message":"본인의 수강 신청만 관리할 수 있습니다","details":{}}}
[22:30:48] --> POST /v1/klasses/1/waitlists
    Authorization: Bearer eyJhbGciOiJIUzI1NiJ9.eyJ...
    <-- HTTP 201
    ResponseBody: {"success":true,"data":{"id":1,"klassId":1,"klassTitle":"QA 강의","position":1,"status":"WAITING","createdAt":"2026-09-05T22:30:48.557821","promotedAt":null},"error":null}
    ==[ WL-01: PASS — HTTP 201 ]==

[22:30:48] --> POST /v1/klasses/1/waitlists
    Authorization: Bearer eyJhbGciOiJIUzI1NiJ9.eyJ...
    <-- HTTP 409
    ResponseBody: {"success":false,"data":null,"error":{"code":"DUPLICATE_WAITLIST","message":"이미 대기 중인 강의입니다","details":{}}}
    ==[ WL-03: PASS — HTTP 409 ]==

[22:30:48] --> POST /v1/klasses/1/waitlists
    Authorization: Bearer eyJhbGciOiJIUzI1NiJ9.eyJ...
    <-- HTTP 409
    ResponseBody: {"success":false,"data":null,"error":{"code":"DUPLICATE_ENROLLMENT","message":"이미 신청한 강의입니다","details":{}}}
    ==[ WL-04: PASS — HTTP 409 ]==

[22:30:48] --> POST /v1/waitlists/1/cancel
    Authorization: Bearer eyJhbGciOiJIUzI1NiJ9.eyJ...
    <-- HTTP 403
    ResponseBody: {"success":false,"data":null,"error":{"code":"NOT_WAITLIST_OWNER","message":"본인의 대기 내역만 관리할 수 있습니다","details":{}}}
    ==[ WL-08: PASS — HTTP 403 ]==

[22:30:48] --> POST /v1/enrollments/1/cancel
    Authorization: Bearer eyJhbGciOiJIUzI1NiJ9.eyJ...
    <-- HTTP 200
    ResponseBody: {"success":true,"data":{"id":1,"klassId":1,"klassTitle":"QA 강의","status":"CANCELLED","source":"DIRECT","createdAt":"2026-09-05T22:30:48.015477","expiresAt":null,"confirmedAt":"2026-09-05T22:30:48.392797","cancelledAt":"2026-09-05T22:30:48.76005","cancelReason":"USER","isCancellable":false},"error":null}
    ==[ ENR-09: PASS — HTTP 200 ]==

[22:30:48] --> GET /v1/waitlists/me
    Authorization: Bearer eyJhbGciOiJIUzI1NiJ9.eyJ...
    <-- HTTP 200
    ResponseBody: {"success":true,"data":{"items":[{"id":1,"klassId":1,"klassTitle":"QA 강의","position":1,"status":"PROMOTED","createdAt":"2026-09-05T22:30:48.557821","promotedAt":"2026-09-05T22:30:48.76005"}],"hasNext":false,"nextCursor":null},"error":null}
[22:30:48] --> GET /v1/enrollments/me
    Authorization: Bearer eyJhbGciOiJIUzI1NiJ9.eyJ...
    <-- HTTP 200
    ResponseBody: {"success":true,"data":{"items":[{"id":2,"klassId":1,"klassTitle":"QA 강의","status":"PENDING","source":"WAITLIST","createdAt":"2026-09-05T22:30:48.76005","expiresAt":"2026-09-05T22:40:48.76005","cancelReason":null,"isCancellable":true}],"hasNext":false,"nextCursor":null},"error":null}
[22:30:48] --> POST /v1/klasses/1/enrollments
    Authorization: Bearer eyJhbGciOiJIUzI1NiJ9.eyJ...
    <-- HTTP 409
    ResponseBody: {"success":false,"data":null,"error":{"code":"KLASS_CAPACITY_FULL","message":"정원이 모두 찼습니다","details":{}}}
    ==[ WL-05c: PASS — HTTP 409 ]==

[22:30:48] --> POST /v1/waitlists/1/cancel
    Authorization: Bearer eyJhbGciOiJIUzI1NiJ9.eyJ...
    <-- HTTP 409
    ResponseBody: {"success":false,"data":null,"error":{"code":"WAITLIST_NOT_WAITING","message":"이미 자리가 배정되었거나 포기한 대기입니다","details":{}}}
    ==[ WL-06: PASS — HTTP 409 ]==

[22:30:48] --> POST /v1/enrollments/2/cancel
    Authorization: Bearer eyJhbGciOiJIUzI1NiJ9.eyJ...
    <-- HTTP 200
    ResponseBody: {"success":true,"data":{"id":2,"klassId":1,"klassTitle":"QA 강의","status":"CANCELLED","source":"WAITLIST","createdAt":"2026-09-05T22:30:48.76005","expiresAt":null,"confirmedAt":null,"cancelledAt":"2026-09-05T22:30:48.965739","cancelReason":"USER","isCancellable":false},"error":null}
[22:30:48] --> POST /v1/klasses/1/enrollments
    Authorization: Bearer eyJhbGciOiJIUzI1NiJ9.eyJ...
    <-- HTTP 201
    ResponseBody: {"success":true,"data":{"id":3,"klassId":1,"klassTitle":"QA 강의","status":"PENDING","source":"DIRECT","createdAt":"2026-09-05T22:30:48.980122","expiresAt":"2026-09-05T23:00:48.980122","confirmedAt":null,"cancelledAt":null,"cancelReason":null,"isCancellable":true},"error":null}
    ==[ ENR-12: PASS — HTTP 201 ]==

[22:30:49] --> POST /v1/enrollments/1/confirm
    Authorization: Bearer eyJhbGciOiJIUzI1NiJ9.eyJ...
    <-- HTTP 409
    ResponseBody: {"success":false,"data":null,"error":{"code":"INVALID_ENROLLMENT_STATUS_TRANSITION","message":"허용되지 않는 상태 변경입니다","details":{}}}
    ==[ ENR-11a: PASS — HTTP 409 ]==

[22:30:49] --> POST /v1/enrollments/1/cancel
    Authorization: Bearer eyJhbGciOiJIUzI1NiJ9.eyJ...
    <-- HTTP 409
    ResponseBody: {"success":false,"data":null,"error":{"code":"INVALID_ENROLLMENT_STATUS_TRANSITION","message":"허용되지 않는 상태 변경입니다","details":{}}}
    ==[ ENR-11b: PASS — HTTP 409 ]==

[22:30:49] --> POST /v1/klasses/1/waitlists
    Authorization: Bearer eyJhbGciOiJIUzI1NiJ9.eyJ...
    <-- HTTP 201
    ResponseBody: {"success":true,"data":{"id":2,"klassId":1,"klassTitle":"QA 강의","position":2,"status":"WAITING","createdAt":"2026-09-05T22:30:49.12202","promotedAt":null},"error":null}
    ==[ WL-09pre: PASS — HTTP 201 ]==

[22:30:49] --> POST /v1/waitlists/2/cancel
    Authorization: Bearer eyJhbGciOiJIUzI1NiJ9.eyJ...
    <-- HTTP 200
    ResponseBody: {"success":true,"data":{"id":2,"klassId":1,"klassTitle":"QA 강의","position":2,"status":"CANCELLED","createdAt":"2026-09-05T22:30:49.12202","promotedAt":null},"error":null}
    ==[ WL-07: PASS — HTTP 200 ]==

[22:30:49] --> POST /v1/klasses/1/waitlists
    Authorization: Bearer eyJhbGciOiJIUzI1NiJ9.eyJ...
    <-- HTTP 201
    ResponseBody: {"success":true,"data":{"id":3,"klassId":1,"klassTitle":"QA 강의","position":3,"status":"WAITING","createdAt":"2026-09-05T22:30:49.224489","promotedAt":null},"error":null}
    ==[ WL-09: PASS — HTTP 201 ]==

[22:30:49] --> POST /v1/klasses
    Authorization: Bearer eyJhbGciOiJIUzI1NiJ9.eyJ...
    RequestBody: {"title":"QA 강의 3","description":"자리 있음","capacity":2,"price":0,"startsOn":"2026-10-01","endsOn":"2026-10-31"}
    <-- HTTP 201
    ResponseBody: {"success":true,"data":{"id":3,"title":"QA 강의 3","description":"자리 있음","price":0,"capacity":2,"enrollmentCount":0,"status":"DRAFT","startsOn":"2026-10-01","endsOn":"2026-10-31","cancellationPeriodDays":null,"creator":{"id":3,"username":"creator"},"createdAt":"2026-09-05T22:30:49.287237","updatedAt":"2026-09-05T22:30:49.287237"},"error":null}
[22:30:49] --> PATCH /v1/klasses/3/status
    Authorization: Bearer eyJhbGciOiJIUzI1NiJ9.eyJ...
    RequestBody: {"status":"OPEN"}
    <-- HTTP 200
    ResponseBody: {"success":true,"data":{"id":3,"title":"QA 강의 3","description":"자리 있음","price":0.00,"capacity":2,"enrollmentCount":0,"status":"OPEN","startsOn":"2026-10-01","endsOn":"2026-10-31","cancellationPeriodDays":null,"creator":{"id":3,"username":"creator"},"createdAt":"2026-09-05T22:30:49.287237","updatedAt":"2026-09-05T22:30:49.324732"},"error":null}
[22:30:49] --> POST /v1/klasses/3/waitlists
    Authorization: Bearer eyJhbGciOiJIUzI1NiJ9.eyJ...
    <-- HTTP 409
    ResponseBody: {"success":false,"data":null,"error":{"code":"WAITLIST_SEAT_AVAILABLE","message":"자리가 있습니다. 바로 신청하세요","details":{}}}
    ==[ WL-02: PASS — HTTP 409 ]==

[22:30:49] --> PATCH /v1/klasses/1/status
    Authorization: Bearer eyJhbGciOiJIUzI1NiJ9.eyJ...
    RequestBody: {"status":"CLOSED"}
    <-- HTTP 200
    ResponseBody: {"success":true,"data":{"id":1,"title":"QA 강의","description":"L2 QA 용","price":10000.00,"capacity":1,"enrollmentCount":1,"status":"CLOSED","startsOn":"2026-10-01","endsOn":"2026-10-31","cancellationPeriodDays":7,"creator":{"id":3,"username":"creator"},"createdAt":"2026-09-05T22:30:47.712782","updatedAt":"2026-09-05T22:30:49.380791"},"error":null}
    ==[ KLASS-CLOSE: PASS — HTTP 200 ]==

[22:30:49] --> GET /v1/waitlists/me
    Authorization: Bearer eyJhbGciOiJIUzI1NiJ9.eyJ...
    <-- HTTP 200
    ResponseBody: {"success":true,"data":{"items":[{"id":3,"klassId":1,"klassTitle":"QA 강의","position":3,"status":"CANCELLED","createdAt":"2026-09-05T22:30:49.224489","promotedAt":null},{"id":2,"klassId":1,"klassTitle":"QA 강의","position":2,"status":"CANCELLED","createdAt":"2026-09-05T22:30:49.12202","promotedAt":null},{"id":1,"klassId":1,"klassTitle":"QA 강의","position":1,"status":"PROMOTED","createdAt":"2026-09-05T22:30:48.557821","promotedAt":"2026-09-05T22:30:48.76005"}],"hasNext":false,"nextCursor":null},"error":null}
[22:30:49] --> POST /v1/klasses/1/enrollments
    Authorization: Bearer eyJhbGciOiJIUzI1NiJ9.eyJ...
    <-- HTTP 409
    ResponseBody: {"success":false,"data":null,"error":{"code":"KLASS_NOT_OPEN","message":"모집 중인 강의가 아닙니다","details":{}}}
    ==[ ENR-13: PASS — HTTP 409 ]==

[22:30:49] --> POST /v1/enrollments/3/confirm
    Authorization: Bearer eyJhbGciOiJIUzI1NiJ9.eyJ...
    <-- HTTP 200
    ResponseBody: {"success":true,"data":{"id":3,"klassId":1,"klassTitle":"QA 강의","status":"CONFIRMED","source":"DIRECT","createdAt":"2026-09-05T22:30:48.980122","expiresAt":null,"confirmedAt":"2026-09-05T22:30:49.500916","cancelledAt":null,"cancelReason":null,"isCancellable":true},"error":null}
    ==[ ENR-14: PASS — HTTP 200 ]==

[22:30:49] --> PATCH /v1/klasses/1/status
    Authorization: Bearer eyJhbGciOiJIUzI1NiJ9.eyJ...
    RequestBody: {"status":"OPEN"}
    <-- HTTP 409
    ResponseBody: {"success":false,"data":null,"error":{"code":"INVALID_KLASS_STATUS_TRANSITION","message":"허용되지 않는 상태 변경입니다","details":{}}}
    ==[ KLASS-10: PASS — HTTP 409 ]==

[22:30:49] --> PATCH /v1/klasses/1/status
    Authorization: Bearer eyJhbGciOiJIUzI1NiJ9.eyJ...
    RequestBody: {"status":"DRAFT"}
    <-- HTTP 409
    ResponseBody: {"success":false,"data":null,"error":{"code":"INVALID_KLASS_STATUS_TRANSITION","message":"허용되지 않는 상태 변경입니다","details":{}}}
    ==[ KLASS-11: PASS — HTTP 409 ]==

[22:30:49] --> GET /v1/enrollments/me
    Authorization: Bearer eyJhbGciOiJIUzI1NiJ9.eyJ...
    <-- HTTP 200
    ResponseBody: {"success":true,"data":{"items":[{"id":3,"klassId":1,"klassTitle":"QA 강의","status":"CONFIRMED","source":"DIRECT","createdAt":"2026-09-05T22:30:48.980122","expiresAt":null,"cancelReason":null,"isCancellable":true},{"id":1,"klassId":1,"klassTitle":"QA 강의","status":"CANCELLED","source":"DIRECT","createdAt":"2026-09-05T22:30:48.015477","expiresAt":null,"cancelReason":"USER","isCancellable":false}],"hasNext":false,"nextCursor":null},"error":null}
[22:30:49] --> GET /v1/klasses/1/enrollments
    Authorization: Bearer eyJhbGciOiJIUzI1NiJ9.eyJ...
    <-- HTTP 403
    ResponseBody: {"success":false,"data":null,"error":{"code":"ACCESS_DENIED","message":"접근 권한이 없습니다","details":{}}}
    ==[ KLASS-12: PASS — HTTP 403 ]==

[22:30:49] --> GET /v1/klasses/1/enrollments
    Authorization: Bearer eyJhbGciOiJIUzI1NiJ9.eyJ...
    <-- HTTP 200
    ResponseBody: {"success":true,"data":{"items":[{"id":3,"userId":1,"username":"chals","status":"CONFIRMED","source":"DIRECT","createdAt":"2026-09-05T22:30:48.980122","confirmedAt":"2026-09-05T22:30:49.500916","cancelReason":null},{"id":2,"userId":2,"username":"chals2","status":"CANCELLED","source":"WAITLIST","createdAt":"2026-09-05T22:30:48.76005","confirmedAt":null,"cancelReason":"USER"},{"id":1,"userId":1,"username":"chals","status":"CANCELLED","source":"DIRECT","createdAt":"2026-09-05T22:30:48.015477","confirmedAt":"2026-09-05T22:30:48.392797","cancelReason":"USER"}],"hasNext":false,"nextCursor":null},"error":null}
    ==[ KLASS-13: PASS — HTTP 200 ]==

[22:30:49] --> GET /docs/openapi3.json
    <-- HTTP 200
    ResponseBody: {
  "openapi" : "3.0.1",
  "info" : {
    "title" : "klass API",
    "description" : "강의 수강신청 + JWT 인증 API",
    "version" : "1.0.0"
  },
  "servers" : [ {
    "url" : "http://localhost:8080"
  } ],
  "tags" : [ ],
  "paths" : {
    "/v1/klasses" : {
      "get" : {
        "tags" : [ "강의" ],
        "summary" : "공개 강의 목록",
        "description" : "공개된 강의를 커서 방식으로 조회한다. **인증이 선택적이다.**\n\n`DRAFT` 는 **누구에게도** 보이지 않는다 — 개설자 본인에게도.\n그래야 크리에이터가 자기 강의가 남에게 어떻게 보이는지 이 화면에서\n확인할 수 있다. 초안은 `GET /v1/klasses/me` 로 본다.\n\n**커서 사용법**: 첫 요청은 `cursor` 없이 보내고, 응답의 `nextCursor` 를\n다음 요청의 `cursor` 로 넘긴다. `hasNext` 가 false 면 마지막 페이지다.\n정렬은 `id` 내림차순(최신순) 고정이며, **총 개수는 제공하지 않는다** —\n그것을 세려면 전체를 훑어야 해서 커서 방식의 이점이 사라진다.",
        "operationId" : "강의-목록조회",
        "parameters" : [ {
          "name" : "cursor",
          "in" : "query",
          "description" : "직전 페이지 마지막 항목의 `id`. 첫 페이지는 생략",
          "required" : false,
          "schema" : {
            "type" : "string"
          }
        }, {
          "name" : "size",
          "in" : "query",
          "description" : "가져올 개수. 1~100, 기본 20",
          "required" : false,
          "schema" : {
            "type" : "string"
          }
        }, {
          "name" : "status",
          "in" : "query",
          "description" : "상태 필터. `OPEN` 또는 `CLOSED`. 생략하면 둘 다. `DRAFT` 를 지정하면 빈 목록이 나온다 — 초안은 공개 목록에 없다",
          "required" : false,
          "schema" : {
            "type" : "string"
          }
        } ],
        "responses" : {
          "200" : {
            "description" : "200",
            "content" : {
              "application/json" : {
                "schema" : {
                  "$ref" : "#/components/schemas/KlassPageResponse"
                },
                "examples" : {
                  "강의-목록조회" : {
                    "value" : "{\n  \"success\" : true,\n  \"data\" : {\n    \"items\" : [ {\n      \"id\" : 42,\n      \"title\" : \"스프링 부트 입문\",\n      \"price\" : 50000,\n      \"capacity\" : 30,\n      \"enrollmentCount\" : 12,\n      \"status\" : \"OPEN\",\n      \"startsOn\" : \"2026-10-01\",\n      \"endsOn\" : \"2026-12-31\",\n      \"creator\" : {\n        \"id\" : 2,\n        \"username\" : \"creator\"\n      }\n    }, {\n      \"id\" : 41,\n      \"title\" : \"JPA 심화\",\n      \"price\" : 50000,\n      \"capacity\" : 30,\n      \"enrollmentCount\" : 12,\n      \"status\" : \"CLOSED\",\n      \"startsOn\" : \"2026-10-01\",\n      \"endsOn\" : \"2026-12-31\",\n      \"creator\" : {\n        \"id\" : 2,\n        \"username\" : \"creator\"\n      }\n    } ],\n    \"hasNext\" : true,\n    \"nextCursor\" : 41\n  },\n  \"error\" : null\n}"
                  }
                }
              }
            }
          }
        }
      },
      "post" : {
        "tags" : [ "강의" ],
        "summary" : "강의 등록",
        "description" : "새 강의를 개설한다. `ROLE_CREATOR` 권한이 필요하다.\n\n상태는 항상 `DRAFT` 로 시작한다 — 요청으로 지정할 수 없다.\n공개하려면 상태 변경 API 로 `OPEN` 으로 전이한다.\n\n`endsOn >= startsOn` 은 도메인이 검사한다. 위반 시 400 `INVALID_KLASS_PERIOD`.",
        "operationId" : "강의-등록",
        "parameters" : [ {
          "name" : "Authorization",
          "in" : "header",
          "description" : "Access Token (`Bearer {token}`)",
          "required" : true,
          "schema" : {
            "type" : "string"
          },
          "example" : "Bearer eyJhbGciOiJIUzI1NiJ9.eyJzdWIiOiIxIn0.signature"
        } ],
        "requestBody" : {
          "content" : {
            "application/json" : {
              "schema" : {
                "$ref" : "#/components/schemas/RegisterKlassRequest"
              },
              "examples" : {
                "강의-등록" : {
                  "value" : "{\n  \"title\" : \"스프링 부트 입문\",\n  \"description\" : \"처음 시작하는 스프링 부트\",\n  \"price\" : 50000,\n  \"capacity\" : 30,\n  \"startsOn\" : \"2026-10-01\",\n  \"endsOn\" : \"2026-12-31\",\n  \"cancellationPeriodDays\" : 7\n}"
                }
              }
            }
          }
        },
        "responses" : {
          "201" : {
            "description" : "201",
            "content" : {
              "application/json" : {
                "schema" : {
                  "$ref" : "#/components/schemas/KlassResponse"
                },
                "examples" : {
                  "강의-등록" : {
                    "value" : "{\n  \"success\" : true,\n  \"data\" : {\n    \"id\" : 1,\n    \"title\" : \"스프링 부트 입문\",\n    \"description\" : \"처음 시작하는 스프링 부트\",\n    \"price\" : 50000,\n    \"capacity\" : 30,\n    \"enrollmentCount\" : 0,\n    \"status\" : \"DRAFT\",\n    \"startsOn\" : \"2026-10-01\",\n    \"endsOn\" : \"2026-12-31\",\n    \"cancellationPeriodDays\" : 7,\n    \"creator\" : {\n      \"id\" : 2,\n      \"username\" : \"creator\"\n    },\n    \"createdAt\" : \"2026-09-01T10:00:00\",\n    \"updatedAt\" : \"2026-09-02T15:30:00\"\n  },\n  \"error\" : null\n}"
                  }
                }
              }
            }
          }
        },
        "security" : [ {
          "bearerAuthJWT" : [ ]
        } ]
      }
    },
    "/v1/auth/login" : {
      "post" : {
        "tags" : [ "인증" ],
        "summary" : "로그인",
        "description" : "아이디·비밀번호로 Access/Refresh 토큰을 발급받는다.\n\n기본 계정 `chals / test` 가 기동 시 자동 생성되므로 별도 가입 없이 바로 호출할 수 있다.",
        "operationId" : "로그인-",
        "requestBody" : {
          "content" : {
            "application/json" : {
              "schema" : {
                "$ref" : "#/components/schemas/LoginRequest"
              },
              "examples" : {
                "로그인-토큰발급" : {
                  "value" : "{\n  \"username\" : \"chals\",\n  \"password\" : \"test\"\n}"
                },
                "로그인-자격증명불일치" : {
                  "value" : "{\n  \"username\" : \"chals\",\n  \"password\" : \"wrong\"\n}"
                },
                "로그인-검증실패" : {
                  "value" : "{\n  \"username\" : \"\",\n  \"password\" : \"\"\n}"
                }
              }
            }
          }
        },
        "responses" : {
          "200" : {
            "description" : "200",
            "content" : {
              "application/json" : {
                "schema" : {
                  "$ref" : "#/components/schemas/TokenResponse"
                },
                "examples" : {
                  "로그인-토큰발급" : {
                    "value" : "{\n  \"success\" : true,\n  \"data\" : {\n    \"tokenType\" : \"Bearer\",\n    \"accessToken\" : \"eyJhbGciOiJIUzI1NiJ9.eyJzdWIiOiIxIn0.signature\",\n    \"accessTokenExpiresIn\" : 1800,\n    \"accessTokenExpiresAt\" : \"2026-08-30T12:30:00\",\n    \"refreshToken\" : \"eyJhbGciOiJIUzI1NiJ9.eyJzdWIiOiIxIn0.refresh\",\n    \"refreshTokenExpiresIn\" : 1209600,\n    \"refreshTokenExpiresAt\" : \"2026-09-13T12:00:00\"\n  },\n  \"error\" : null\n}"
                  }
                }
              }
            }
          },
          "401" : {
            "description" : "401",
            "content" : {
              "application/json" : {
                "schema" : {
                  "$ref" : "#/components/schemas/ErrorResponse"
                },
                "examples" : {
                  "로그인-자격증명불일치" : {
                    "value" : "{\n  \"success\" : false,\n  \"data\" : null,\n  \"error\" : {\n    \"code\" : \"INVALID_CREDENTIALS\",\n    \"message\" : \"아이디 또는 비밀번호가 올바르지 않습니다\",\n    \"details\" : { }\n  }\n}"
                  }
                }
              }
            }
          },
          "400" : {
            "description" : "400",
            "content" : {
              "application/json" : {
                "schema" : {
                  "$ref" : "#/components/schemas/ErrorResponse"
                },
                "examples" : {
                  "로그인-검증실패" : {
                    "value" : "{\n  \"success\" : false,\n  \"data\" : null,\n  \"error\" : {\n    \"code\" : \"VALIDATION_ERROR\",\n    \"message\" : \"입력값이 올바르지 않습니다\",\n    \"details\" : {\n      \"password\" : \"비밀번호는 필수입니다\",\n      \"username\" : \"아이디는 필수입니다\"\n    }\n  }\n}"
                  }
                }
              }
            }
          }
        }
      }
    },
    "/v1/auth/logout" : {
      "post" : {
        "tags" : [ "인증" ],
        "summary" : "로그아웃",
        "description" : "Refresh 토큰을 폐기한다. 응답 본문은 없다.\n\n**멱등하다.** 이미 로그아웃했거나 존재하지 않는 토큰을 보내도 204 를 반환한다 —\n토큰의 존재 여부를 응답으로 알려주지 않기 위함이다.",
        "operationId" : "로그아웃",
        "parameters" : [ {
          "name" : "Authorization",
          "in" : "header",
          "description" : "Access Token (`Bearer {token}`)",
          "required" : true,
          "schema" : {
            "type" : "string"
          },
          "example" : "Bearer eyJhbGciOiJIUzI1NiJ9.eyJzdWIiOiIxIn0.signature"
        } ],
        "requestBody" : {
          "content" : {
            "application/json" : {
              "schema" : {
                "$ref" : "#/components/schemas/LogoutRequest"
              },
              "examples" : {
                "로그아웃" : {
                  "value" : "{\n  \"refreshToken\" : \"eyJhbGciOiJIUzI1NiJ9.eyJzdWIiOiIxIn0.refresh\"\n}"
                }
              }
            }
          }
        },
        "responses" : {
          "204" : {
            "description" : "204"
          }
        },
        "security" : [ {
          "bearerAuthJWT" : [ ]
        } ]
      }
    },
    "/v1/auth/reissue" : {
      "post" : {
        "tags" : [ "인증" ],
        "summary" : "토큰 재발급",
        "description" : "Refresh 토큰을 회전(RTR)시켜 새 토큰 쌍을 발급한다.\n\n**기존 Refresh 토큰은 폐기되므로 한 번만 쓸 수 있다.**\n응답으로 받은 새 Refresh 토큰을 반드시 저장해야 한다.",
        "operationId" : "토큰재발급-",
        "requestBody" : {
          "content" : {
            "application/json" : {
              "schema" : {
                "$ref" : "#/components/schemas/ReissueRequest"
              },
              "examples" : {
                "토큰재발급-회전" : {
                  "value" : "{\n  \"refreshToken\" : \"eyJhbGciOiJIUzI1NiJ9.eyJzdWIiOiIxIn0.refresh\"\n}"
                },
                "토큰재발급-재사용감지" : {
                  "value" : "{\n  \"refreshToken\" : \"eyJhbGciOiJIUzI1NiJ9.eyJzdWIiOiIxIn0.refresh\"\n}"
                }
              }
            }
          }
        },
        "responses" : {
          "200" : {
            "description" : "200",
            "content" : {
              "application/json" : {
                "schema" : {
                  "$ref" : "#/components/schemas/TokenResponse"
                },
                "examples" : {
                  "토큰재발급-회전" : {
                    "value" : "{\n  \"success\" : true,\n  \"data\" : {\n    \"tokenType\" : \"Bearer\",\n    \"accessToken\" : \"eyJhbGciOiJIUzI1NiJ9.eyJzdWIiOiIxIn0.signature\",\n    \"accessTokenExpiresIn\" : 1800,\n    \"accessTokenExpiresAt\" : \"2026-08-30T12:30:00\",\n    \"refreshToken\" : \"eyJhbGciOiJIUzI1NiJ9.eyJzdWIiOiIxIn0.refresh\",\n    \"refreshTokenExpiresIn\" : 1209600,\n    \"refreshTokenExpiresAt\" : \"2026-09-13T12:00:00\"\n  },\n  \"error\" : null\n}"
                  }
                }
              }
            }
          },
          "401" : {
            "description" : "401",
            "content" : {
              "application/json" : {
                "schema" : {
                  "$ref" : "#/components/schemas/ErrorResponse"
                },
                "examples" : {
                  "토큰재발급-재사용감지" : {
                    "value" : "{\n  \"success\" : false,\n  \"data\" : null,\n  \"error\" : {\n    \"code\" : \"REFRESH_TOKEN_REUSED\",\n    \"message\" : \"이미 사용된 리프레시 토큰입니다\",\n    \"details\" : { }\n  }\n}"
                  }
                }
              }
            }
          }
        }
      }
    },
    "/v1/enrollments/me" : {
      "get" : {
        "tags" : [ "수강신청" ],
        "summary" : "내 신청 목록",
        "description" : "내가 신청한 강의 목록. **취소한 것까지 전부** 나온다 — 내 기록이므로\n가리지 않는다. 특정 상태만 보려면 `status` 를 지정한다.\n\n커서 페이지네이션이다. 다음 페이지는 응답의 `nextCursor` 를\n`cursor` 로 넘겨 요청한다. **총 개수는 제공하지 않는다** — 커서\n방식의 이점이 건너뛴 행을 읽지 않는 것인데, 총 개수를 세면 그 이점이\n사라진다.\n\n`id` 는 확정·취소 API 의 경로 변수다.",
        "operationId" : "수강신청-내목록",
        "parameters" : [ {
          "name" : "cursor",
          "in" : "query",
          "description" : "직전 페이지의 `nextCursor`. 없으면 첫 페이지",
          "required" : false,
          "schema" : {
            "type" : "string"
          }
        }, {
          "name" : "size",
          "in" : "query",
          "description" : "조회 개수. 1~100, 기본 20",
          "required" : false,
          "schema" : {
            "type" : "string"
          }
        }, {
          "name" : "status",
          "in" : "query",
          "description" : "상태 필터. 미지정이면 전체",
          "required" : false,
          "schema" : {
            "type" : "string"
          }
        }, {
          "name" : "Authorization",
          "in" : "header",
          "description" : "Access Token (`Bearer {token}`)",
          "required" : true,
          "schema" : {
            "type" : "string"
          },
          "example" : "Bearer eyJhbGciOiJIUzI1NiJ9.eyJzdWIiOiIxIn0.signature"
        } ],
        "responses" : {
          "200" : {
            "description" : "200",
            "content" : {
              "application/json" : {
                "schema" : {
                  "$ref" : "#/components/schemas/EnrollmentSummaryPage"
                },
                "examples" : {
                  "수강신청-내목록" : {
                    "value" : "{\n  \"success\" : true,\n  \"data\" : {\n    \"items\" : [ {\n      \"id\" : 42,\n      \"klassId\" : 7,\n      \"klassTitle\" : \"스프링 부트 입문\",\n      \"status\" : \"CONFIRMED\",\n      \"source\" : \"DIRECT\",\n      \"createdAt\" : \"2026-09-03T10:00:00\",\n      \"expiresAt\" : null,\n      \"cancelReason\" : null,\n      \"isCancellable\" : true\n    } ],\n    \"hasNext\" : true,\n    \"nextCursor\" : 42\n  },\n  \"error\" : null\n}"
                  }
                }
              }
            }
          }
        },
        "security" : [ {
          "bearerAuthJWT" : [ ]
        } ]
      }
    },
    "/v1/enrollments/{id}" : {
      "get" : {
        "tags" : [ "수강신청" ],
        "summary" : "신청 상세 조회",
        "description" : "신청 하나를 조회한다. **본인 것만 볼 수 있다.**\n\n타인의 것이면 403 `NOT_ENROLLMENT_OWNER` 다. 강의 상세가 타인의\n초안을 404 로 감추는 것과 다른데, 초안은 존재 자체가 비밀이지만\n신청 id 는 연속된 정수라 감춰봐야 존재가 추측되기 때문이다.",
        "operationId" : "수강신청-상세",
        "parameters" : [ {
          "name" : "id",
          "in" : "path",
          "description" : "신청 PK",
          "required" : true,
          "schema" : {
            "type" : "string"
          }
        }, {
          "name" : "Authorization",
          "in" : "header",
          "description" : "Access Token (`Bearer {token}`)",
          "required" : true,
          "schema" : {
            "type" : "string"
          },
          "example" : "Bearer eyJhbGciOiJIUzI1NiJ9.eyJzdWIiOiIxIn0.signature"
        } ],
        "responses" : {
          "200" : {
            "description" : "200",
            "content" : {
              "application/json" : {
                "schema" : {
                  "$ref" : "#/components/schemas/EnrollmentResponse"
                },
                "examples" : {
                  "수강신청-상세" : {
                    "value" : "{\n  \"success\" : true,\n  \"data\" : {\n    \"id\" : 42,\n    \"klassId\" : 7,\n    \"klassTitle\" : \"스프링 부트 입문\",\n    \"status\" : \"CONFIRMED\",\n    \"source\" : \"DIRECT\",\n    \"createdAt\" : \"2026-09-03T10:00:00\",\n    \"expiresAt\" : null,\n    \"confirmedAt\" : \"2026-09-03T10:05:00\",\n    \"cancelledAt\" : null,\n    \"cancelReason\" : null,\n    \"isCancellable\" : true\n  },\n  \"error\" : null\n}"
                  }
                }
              }
            }
          }
        },
        "security" : [ {
          "bearerAuthJWT" : [ ]
        } ]
      }
    },
    "/v1/klasses/me" : {
      "get" : {
        "tags" : [ "강의" ],
        "summary" : "내 강의 목록",
        "description" : "내가 개설한 강의를 커서 방식으로 조회한다. `ROLE_CREATOR` 권한이 필요하다.\n\n공개 목록과 달리 **`DRAFT` 를 포함한 전부**를 돌려준다.\n`status=DRAFT` 로 작성 중인 강의만 골라 볼 수도 있다.\n\n커서 사용법은 공개 목록과 같다.",
        "operationId" : "강의-내목록조회",
        "parameters" : [ {
          "name" : "cursor",
          "in" : "query",
          "description" : "직전 페이지 마지막 항목의 `id`. 첫 페이지는 생략",
          "required" : false,
          "schema" : {
            "type" : "string"
          }
        }, {
          "name" : "size",
          "in" : "query",
          "description" : "가져올 개수. 1~100, 기본 20",
          "required" : false,
          "schema" : {
            "type" : "string"
          }
        }, {
          "name" : "status",
          "in" : "query",
          "description" : "상태 필터. `DRAFT` 도 지정할 수 있다",
          "required" : false,
          "schema" : {
            "type" : "string"
          }
        }, {
          "name" : "Authorization",
          "in" : "header",
          "description" : "Access Token (`Bearer {token}`)",
          "required" : true,
          "schema" : {
            "type" : "string"
          },
          "example" : "Bearer eyJhbGciOiJIUzI1NiJ9.eyJzdWIiOiIxIn0.signature"
        } ],
        "responses" : {
          "200" : {
            "description" : "200",
            "content" : {
              "application/json" : {
                "schema" : {
                  "$ref" : "#/components/schemas/KlassPageResponse"
                },
                "examples" : {
                  "강의-내목록조회" : {
                    "value" : "{\n  \"success\" : true,\n  \"data\" : {\n    \"items\" : [ {\n      \"id\" : 42,\n      \"title\" : \"스프링 부트 입문\",\n      \"price\" : 50000,\n      \"capacity\" : 30,\n      \"enrollmentCount\" : 12,\n      \"status\" : \"OPEN\",\n      \"startsOn\" : \"2026-10-01\",\n      \"endsOn\" : \"2026-12-31\",\n      \"creator\" : {\n        \"id\" : 2,\n        \"username\" : \"creator\"\n      }\n    }, {\n      \"id\" : 40,\n      \"title\" : \"작성 중인 강의\",\n      \"price\" : 50000,\n      \"capacity\" : 30,\n      \"enrollmentCount\" : 12,\n      \"status\" : \"DRAFT\",\n      \"startsOn\" : \"2026-10-01\",\n      \"endsOn\" : \"2026-12-31\",\n      \"creator\" : {\n        \"id\" : 2,\n        \"username\" : \"creator\"\n      }\n    } ],\n    \"hasNext\" : false,\n    \"nextCursor\" : null\n  },\n  \"error\" : null\n}"
                  }
                }
              }
            }
          }
        },
        "security" : [ {
          "bearerAuthJWT" : [ ]
        } ]
      }
    },
    "/v1/klasses/{id}" : {
      "get" : {
        "tags" : [ "강의" ],
        "summary" : "강의 상세 조회",
        "description" : "강의 하나를 조회한다. **인증이 선택적이다** — 토큰이 없어도 열린다.\n\n토큰을 보내면 보이는 범위가 넓어진다. 개설자는 자기 `DRAFT` 도 볼 수 있고,\n그 외에는 `OPEN` · `CLOSED` 만 보인다.\n\n보이지 않는 강의는 403 이 아니라 **404** 다. 403 은 \"그 강의는 존재한다\"를\n알려주는데, 초안은 존재 자체가 비밀이기 때문이다.",
        "operationId" : "강의-상세조회",
        "parameters" : [ {
          "name" : "id",
          "in" : "path",
          "description" : "강의 PK",
          "required" : true,
          "schema" : {
            "type" : "string"
          }
        } ],
        "responses" : {
          "200" : {
            "description" : "200",
            "content" : {
              "application/json" : {
                "schema" : {
                  "$ref" : "#/components/schemas/KlassResponse"
                },
                "examples" : {
                  "강의-상세조회" : {
                    "value" : "{\n  \"success\" : true,\n  \"data\" : {\n    \"id\" : 1,\n    \"title\" : \"스프링 부트 입문\",\n    \"description\" : \"처음 시작하는 스프링 부트\",\n    \"price\" : 50000,\n    \"capacity\" : 30,\n    \"enrollmentCount\" : 0,\n    \"status\" : \"OPEN\",\n    \"startsOn\" : \"2026-10-01\",\n    \"endsOn\" : \"2026-12-31\",\n    \"cancellationPeriodDays\" : 7,\n    \"creator\" : {\n      \"id\" : 2,\n      \"username\" : \"creator\"\n    },\n    \"createdAt\" : \"2026-09-01T10:00:00\",\n    \"updatedAt\" : \"2026-09-02T15:30:00\"\n  },\n  \"error\" : null\n}"
                  }
                }
              }
            }
          }
        }
      },
      "put" : {
        "tags" : [ "강의" ],
        "summary" : "강의 수정",
        "description" : "강의를 **전체 교체**한다. `ROLE_CREATOR` 권한과 **본인 소유**여야 한다.\n\n메서드는 `PUT` 이며 **부분 수정이 아니다.** 수정 화면은 상세 조회로\n강의의 전체 값을 이미 들고 있으므로, 변경하지 않은 필드도 **현재 값을\n그대로 실어 보낸다.**\n\n따라서 필드 누락·`null`·공백은 \"안 바꿈\"이 아니라 **입력 오류**이며\n400 `VALIDATION_ERROR` 다. 검증 기준은 등록 API 와 같다.\n\n값이 실제로 바뀌지 않았어도 매 요청이 수정이므로 `updatedAt` 이 갱신된다.\n`cancellationPeriodDays` 만 선택이며, 생략하거나 `null` 로 보내면\n**전역 기본값으로 되돌아간다.**\n\n`cancellationPeriodDays` 는 **`DRAFT` 상태에서만 실제로 반영된다.**\n취소 가능 기간은 수강생과의 약속이라, 신청을 받기 시작한 뒤에 바꾸면\n이미 신청한 사람의 취소 조건이 사후에 불리하게 바뀔 수 있다.\n\n**다른 상태에서 보낸 값은 에러가 아니라 조용히 무시되고 200 이 나간다.**\n전체 교체라 클라이언트는 바꾸지 않은 필드에도 현재 값을 실어 보내는데,\n그것을 거부하면 `OPEN` 강의의 제목조차 고칠 수 없다. 무엇이 반영됐는지는\n**응답의 실제 저장값**으로 확인한다.\n\n`endsOn >= startsOn` 은 도메인이 검사한다 (400 `INVALID_KLASS_PERIOD`).\n정원은 이미 신청한 인원보다 적게 줄일 수 없다 (409 `CAPACITY_BELOW_ENROLLMENT`).\n\n남의 강의를 수정하면 403 `NOT_KLASS_OWNER`, 남의 초안이면 404 다 —\n초안은 존재 자체를 드러내지 않는다.",
        "operationId" : "강의-수정",
        "parameters" : [ {
          "name" : "id",
          "in" : "path",
          "description" : "강의 PK",
          "required" : true,
          "schema" : {
            "type" : "string"
          }
        }, {
          "name" : "Authorization",
          "in" : "header",
          "description" : "Access Token (`Bearer {token}`)",
          "required" : true,
          "schema" : {
            "type" : "string"
          },
          "example" : "Bearer eyJhbGciOiJIUzI1NiJ9.eyJzdWIiOiIxIn0.signature"
        } ],
        "requestBody" : {
          "content" : {
            "application/json" : {
              "schema" : {
                "$ref" : "#/components/schemas/UpdateKlassRequest"
              },
              "examples" : {
                "강의-수정" : {
                  "value" : "{\n  \"title\" : \"스프링 부트 입문\",\n  \"description\" : \"처음 시작하는 스프링 부트\",\n  \"price\" : 50000,\n  \"capacity\" : 30,\n  \"startsOn\" : \"2026-10-01\",\n  \"endsOn\" : \"2026-12-31\",\n  \"cancellationPeriodDays\" : 7\n}"
                }
              }
            }
          }
        },
        "responses" : {
          "200" : {
            "description" : "200",
            "content" : {
              "application/json" : {
                "schema" : {
                  "$ref" : "#/components/schemas/KlassResponse"
                },
                "examples" : {
                  "강의-수정" : {
                    "value" : "{\n  \"success\" : true,\n  \"data\" : {\n    \"id\" : 1,\n    \"title\" : \"스프링 부트 입문\",\n    \"description\" : \"처음 시작하는 스프링 부트\",\n    \"price\" : 50000,\n    \"capacity\" : 30,\n    \"enrollmentCount\" : 0,\n    \"status\" : \"DRAFT\",\n    \"startsOn\" : \"2026-10-01\",\n    \"endsOn\" : \"2026-12-31\",\n    \"cancellationPeriodDays\" : 7,\n    \"creator\" : {\n      \"id\" : 2,\n      \"username\" : \"creator\"\n    },\n    \"createdAt\" : \"2026-09-01T10:00:00\",\n    \"updatedAt\" : \"2026-09-02T15:30:00\"\n  },\n  \"error\" : null\n}"
                  }
                }
              }
            }
          }
        },
        "security" : [ {
          "bearerAuthJWT" : [ ]
        } ]
      }
    },
    "/v1/users/me" : {
      "get" : {
        "tags" : [ "사용자" ],
        "summary" : "내 정보 조회",
        "description" : "Access 토큰으로 인증된 사용자의 정보를 조회한다.\n\n토큰 클레임만으로 응답하지 않고 DB 를 다시 읽는다 —\n`enabled`·`createdAt` 은 토큰에 없고, 권한 변경도 즉시 반영돼야 하기 때문이다.",
        "operationId" : "내정보-조회",
        "parameters" : [ {
          "name" : "Authorization",
          "in" : "header",
          "description" : "Access Token (`Bearer {token}`)",
          "required" : true,
          "schema" : {
            "type" : "string"
          },
          "example" : "Bearer eyJhbGciOiJIUzI1NiJ9.eyJzdWIiOiIxIn0.signature"
        } ],
        "responses" : {
          "200" : {
            "description" : "200",
            "content" : {
              "application/json" : {
                "schema" : {
                  "$ref" : "#/components/schemas/UserResponse"
                },
                "examples" : {
                  "내정보-조회" : {
                    "value" : "{\n  \"success\" : true,\n  \"data\" : {\n    \"id\" : 1,\n    \"username\" : \"chals\",\n    \"roles\" : [ \"ROLE_USER\" ],\n    \"isEnabled\" : true,\n    \"createdAt\" : \"2026-08-30T00:00:00\"\n  },\n  \"error\" : null\n}"
                  }
                }
              }
            }
          }
        },
        "security" : [ {
          "bearerAuthJWT" : [ ]
        } ]
      }
    },
    "/v1/waitlists/me" : {
      "get" : {
        "tags" : [ "대기열" ],
        "summary" : "내 대기 목록",
        "description" : "내가 등록한 대기 목록. **승격·포기한 기록도 포함한다** — 내 이력이다.\n\n상태 필터를 받지 않는다. 대기는 상태가 셋뿐이고 목록이 짧아 걸러낼\n이유가 적다.\n\n**대기 포기 API 의 `waitlistId` 를 얻는 경로다.** 등록 응답을 놓쳤다면\n여기 말고는 알아낼 방법이 없다.\n\n커서 페이지네이션이며 총 개수는 제공하지 않는다.",
        "operationId" : "대기열-내목록",
        "parameters" : [ {
          "name" : "cursor",
          "in" : "query",
          "description" : "직전 페이지의 `nextCursor`. 없으면 첫 페이지",
          "required" : false,
          "schema" : {
            "type" : "string"
          }
        }, {
          "name" : "size",
          "in" : "query",
          "description" : "조회 개수. 1~100, 기본 20",
          "required" : false,
          "schema" : {
            "type" : "string"
          }
        }, {
          "name" : "Authorization",
          "in" : "header",
          "description" : "Access Token (`Bearer {token}`)",
          "required" : true,
          "schema" : {
            "type" : "string"
          },
          "example" : "Bearer eyJhbGciOiJIUzI1NiJ9.eyJzdWIiOiIxIn0.signature"
        } ],
        "responses" : {
          "200" : {
            "description" : "200",
            "content" : {
              "application/json" : {
                "schema" : {
                  "$ref" : "#/components/schemas/WaitlistPage"
                },
                "examples" : {
                  "대기열-내목록" : {
                    "value" : "{\n  \"success\" : true,\n  \"data\" : {\n    \"items\" : [ {\n      \"id\" : 91,\n      \"klassId\" : 7,\n      \"klassTitle\" : \"스프링 부트 입문\",\n      \"position\" : 3,\n      \"status\" : \"WAITING\",\n      \"createdAt\" : \"2026-09-03T10:00:00\",\n      \"promotedAt\" : null\n    } ],\n    \"hasNext\" : false,\n    \"nextCursor\" : null\n  },\n  \"error\" : null\n}"
                  }
                }
              }
            }
          }
        },
        "security" : [ {
          "bearerAuthJWT" : [ ]
        } ]
      }
    },
    "/v1/enrollments/{id}/cancel" : {
      "post" : {
        "tags" : [ "수강신청" ],
        "summary" : "수강 취소",
        "description" : "신청을 취소하고 **좌석을 반납한다.** 본인의 신청만 가능하다.\n\n강의가 모집 중(`OPEN`)이고 대기자가 있으면 **같은 트랜잭션에서\n1건이 승격**된다 — 반납된 자리가 일반 신청자에게 노출되는 틈 없이\n대기자에게 이전된다.\n\n### 상태별 취소 조건\n\n| 상태 | 조건 |\n|------|------|\n| `PENDING` | **무조건 가능.** 결제 전이라 환불할 것이 없다 |\n| `CONFIRMED` | 결제일 + 취소 가능 기간 **이내**이고, 강의 종료일이 지나지 않아야 한다 |\n\n두 관문이 모두 걸리면 **강의 종료가 먼저 보고된다** — 기간 초과는\n\"다음엔 더 빨리\"지만 강의 종료는 아무리 빨라도 성립하지 않으므로\n사용자에게 해야 할 이야기가 다르다.\n\n거부 조건:\n- 404 `ENROLLMENT_NOT_FOUND`\n- 403 `NOT_ENROLLMENT_OWNER`\n- 409 `INVALID_ENROLLMENT_STATUS_TRANSITION` — 이미 취소됨\n- 409 `KLASS_ALREADY_FINISHED` — 강의가 끝남\n- 409 `CANCELLATION_PERIOD_EXPIRED` — 취소 가능 기간 초과",
        "operationId" : "수강신청-취소",
        "parameters" : [ {
          "name" : "id",
          "in" : "path",
          "description" : "신청 PK",
          "required" : true,
          "schema" : {
            "type" : "string"
          }
        }, {
          "name" : "Authorization",
          "in" : "header",
          "description" : "Access Token (`Bearer {token}`)",
          "required" : true,
          "schema" : {
            "type" : "string"
          },
          "example" : "Bearer eyJhbGciOiJIUzI1NiJ9.eyJzdWIiOiIxIn0.signature"
        } ],
        "responses" : {
          "200" : {
            "description" : "200",
            "content" : {
              "application/json" : {
                "schema" : {
                  "$ref" : "#/components/schemas/EnrollmentResponse"
                },
                "examples" : {
                  "수강신청-취소" : {
                    "value" : "{\n  \"success\" : true,\n  \"data\" : {\n    \"id\" : 42,\n    \"klassId\" : 7,\n    \"klassTitle\" : \"스프링 부트 입문\",\n    \"status\" : \"CANCELLED\",\n    \"source\" : \"DIRECT\",\n    \"createdAt\" : \"2026-09-03T10:00:00\",\n    \"expiresAt\" : null,\n    \"confirmedAt\" : \"2026-09-03T10:05:00\",\n    \"cancelledAt\" : \"2026-09-03T12:00:00\",\n    \"cancelReason\" : \"USER\",\n    \"isCancellable\" : false\n  },\n  \"error\" : null\n}"
                  }
                }
              }
            }
          }
        },
        "security" : [ {
          "bearerAuthJWT" : [ ]
        } ]
      }
    },
    "/v1/enrollments/{id}/confirm" : {
      "post" : {
        "tags" : [ "수강신청" ],
        "summary" : "결제 완료 처리",
        "description" : "`PENDING` 을 `CONFIRMED` 로 전이한다. **본인의 신청만 가능하다.**\n\n결제 게이트웨이 연동은 이 프로젝트의 범위가 아니다 — 외부에서 결제가\n끝났다는 신호로 상태만 바꾼다.\n\n**좌석 점유 수는 변하지 않는다.** `PENDING` 이 이미 점유하고 있었기\n때문이며, 그래서 이 요청만 강의 락을 잡지 않는다.\n\n확정되면 `expiresAt` 이 null 이 되고 `confirmedAt` 이 채워진다 —\n그 시각이 **취소 가능 기간의 기산점**이다.\n\n거부 조건:\n- 404 `ENROLLMENT_NOT_FOUND`\n- 403 `NOT_ENROLLMENT_OWNER` — 타인의 신청\n- 409 `INVALID_ENROLLMENT_STATUS_TRANSITION` — 이미 확정·취소됨\n- 409 `ENROLLMENT_EXPIRED` — 결제 기한이 지남",
        "operationId" : "수강신청-결제완료",
        "parameters" : [ {
          "name" : "id",
          "in" : "path",
          "description" : "신청 PK",
          "required" : true,
          "schema" : {
            "type" : "string"
          }
        }, {
          "name" : "Authorization",
          "in" : "header",
          "description" : "Access Token (`Bearer {token}`)",
          "required" : true,
          "schema" : {
            "type" : "string"
          },
          "example" : "Bearer eyJhbGciOiJIUzI1NiJ9.eyJzdWIiOiIxIn0.signature"
        } ],
        "responses" : {
          "200" : {
            "description" : "200",
            "content" : {
              "application/json" : {
                "schema" : {
                  "$ref" : "#/components/schemas/EnrollmentResponse"
                },
                "examples" : {
                  "수강신청-결제완료" : {
                    "value" : "{\n  \"success\" : true,\n  \"data\" : {\n    \"id\" : 42,\n    \"klassId\" : 7,\n    \"klassTitle\" : \"스프링 부트 입문\",\n    \"status\" : \"CONFIRMED\",\n    \"source\" : \"DIRECT\",\n    \"createdAt\" : \"2026-09-03T10:00:00\",\n    \"expiresAt\" : null,\n    \"confirmedAt\" : \"2026-09-03T10:05:00\",\n    \"cancelledAt\" : null,\n    \"cancelReason\" : null,\n    \"isCancellable\" : true\n  },\n  \"error\" : null\n}"
                  }
                }
              }
            }
          }
        },
        "security" : [ {
          "bearerAuthJWT" : [ ]
        } ]
      }
    },
    "/v1/klasses/{id}/status" : {
      "patch" : {
        "tags" : [ "강의" ],
        "summary" : "강의 상태 변경",
        "description" : "강의 상태를 바꾼다. `ROLE_CREATOR` 권한과 **본인 소유**여야 한다.\n\n**허용되는 전이는 셋뿐이다.**\n\n| 전이 | 뜻 |\n|------|-----|\n| `DRAFT` → `OPEN` | 모집 시작 |\n| `DRAFT` → `CLOSED` | 개설 철회 |\n| `OPEN` → `CLOSED` | 모집 마감 |\n\n역전이(`OPEN` → `DRAFT`, `CLOSED` → `OPEN`)는 **차단된다**.\n이미 신청한 사용자의 신청이 무효화되거나, 대기자가 있는 강의에서\n신규 신청자가 대기자를 앞지르는 구멍이 생기기 때문이다.\n\n허용되지 않는 전이는 409 `INVALID_KLASS_STATUS_TRANSITION` 이다 —\n요청 형식은 옳고 현재 상태와 충돌하는 것이라 400 이 아니다.",
        "operationId" : "강의-상태변경",
        "parameters" : [ {
          "name" : "id",
          "in" : "path",
          "description" : "강의 PK",
          "required" : true,
          "schema" : {
            "type" : "string"
          }
        }, {
          "name" : "Authorization",
          "in" : "header",
          "description" : "Access Token (`Bearer {token}`)",
          "required" : true,
          "schema" : {
            "type" : "string"
          },
          "example" : "Bearer eyJhbGciOiJIUzI1NiJ9.eyJzdWIiOiIxIn0.signature"
        } ],
        "requestBody" : {
          "content" : {
            "application/json" : {
              "schema" : {
                "$ref" : "#/components/schemas/ChangeKlassStatusRequest"
              },
              "examples" : {
                "강의-상태변경" : {
                  "value" : "{\n  \"status\" : \"OPEN\"\n}"
                }
              }
            }
          }
        },
        "responses" : {
          "200" : {
            "description" : "200",
            "content" : {
              "application/json" : {
                "schema" : {
                  "$ref" : "#/components/schemas/KlassResponse"
                },
                "examples" : {
                  "강의-상태변경" : {
                    "value" : "{\n  \"success\" : true,\n  \"data\" : {\n    \"id\" : 1,\n    \"title\" : \"스프링 부트 입문\",\n    \"description\" : \"처음 시작하는 스프링 부트\",\n    \"price\" : 50000,\n    \"capacity\" : 30,\n    \"enrollmentCount\" : 0,\n    \"status\" : \"OPEN\",\n    \"startsOn\" : \"2026-10-01\",\n    \"endsOn\" : \"2026-12-31\",\n    \"cancellationPeriodDays\" : 7,\n    \"creator\" : {\n      \"id\" : 2,\n      \"username\" : \"creator\"\n    },\n    \"createdAt\" : \"2026-09-01T10:00:00\",\n    \"updatedAt\" : \"2026-09-02T15:30:00\"\n  },\n  \"error\" : null\n}"
                  }
                }
              }
            }
          }
        },
        "security" : [ {
          "bearerAuthJWT" : [ ]
        } ]
      }
    },
    "/v1/klasses/{klassId}/enrollments" : {
      "get" : {
        "tags" : [ "수강신청" ],
        "summary" : "강의별 수강생 목록 (크리에이터 전용)",
        "description" : "강의의 수강생 명단. **`ROLE_CREATOR` 권한과 소유권이 모두 필요하다.**\n\n권한만으로는 부족하다 — 그것만 검사하면 크리에이터끼리 서로의 명단을\n볼 수 있다. 남의 강의면 403 `NOT_KLASS_OWNER` 다.\n\n취소한 수강생도 기본으로 포함된다. 크리에이터가 이탈을 확인할 수\n있어야 하므로 감추지 않는다.\n\n내 신청 목록과 담기는 것이 반대다 — 그쪽은 *어느 강의인지*를,\n여기는 *누구인지*를 담는다. 강의는 경로에 이미 있고, 수강생 정보는\n남의 개인정보라 내 목록에 들어갈 이유가 없다.",
        "operationId" : "수강신청-강의별수강생",
        "parameters" : [ {
          "name" : "klassId",
          "in" : "path",
          "description" : "강의 PK",
          "required" : true,
          "schema" : {
            "type" : "string"
          }
        }, {
          "name" : "cursor",
          "in" : "query",
          "description" : "직전 페이지의 `nextCursor`",
          "required" : false,
          "schema" : {
            "type" : "string"
          }
        }, {
          "name" : "size",
          "in" : "query",
          "description" : "조회 개수. 1~100, 기본 20",
          "required" : false,
          "schema" : {
            "type" : "string"
          }
        }, {
          "name" : "status",
          "in" : "query",
          "description" : "상태 필터. 미지정이면 전체",
          "required" : false,
          "schema" : {
            "type" : "string"
          }
        }, {
          "name" : "Authorization",
          "in" : "header",
          "description" : "Access Token (`Bearer {token}`)",
          "required" : true,
          "schema" : {
            "type" : "string"
          },
          "example" : "Bearer eyJhbGciOiJIUzI1NiJ9.eyJzdWIiOiIxIn0.signature"
        } ],
        "responses" : {
          "200" : {
            "description" : "200",
            "content" : {
              "application/json" : {
                "schema" : {
                  "$ref" : "#/components/schemas/KlassEnrollmentPage"
                },
                "examples" : {
                  "수강신청-강의별수강생" : {
                    "value" : "{\n  \"success\" : true,\n  \"data\" : {\n    \"items\" : [ {\n      \"id\" : 42,\n      \"userId\" : 2,\n      \"username\" : \"student\",\n      \"status\" : \"CONFIRMED\",\n      \"source\" : \"DIRECT\",\n      \"createdAt\" : \"2026-09-03T10:00:00\",\n      \"confirmedAt\" : \"2026-09-03T10:05:00\",\n      \"cancelReason\" : null\n    } ],\n    \"hasNext\" : false,\n    \"nextCursor\" : null\n  },\n  \"error\" : null\n}"
                  }
                }
              }
            }
          }
        },
        "security" : [ {
          "bearerAuthJWT" : [ ]
        } ]
      },
      "post" : {
        "tags" : [ "수강신청" ],
        "summary" : "수강 신청",
        "description" : "강의에 신청한다. **요청 본문이 없다** — 필요한 것은 경로의 강의와\n토큰의 사용자뿐이다.\n\n상태는 항상 `PENDING`(결제 대기)에서 시작하고 **좌석을 즉시 점유한다.**\n`expiresAt` 까지 결제하지 않으면 그 자리는 회수 대상이 된다.\n\n거부 조건:\n- 404 `KLASS_NOT_FOUND` — 없는 강의\n- 403 `SELF_ENROLLMENT_FORBIDDEN` — **본인이 개설한 강의**\n- 409 `KLASS_NOT_OPEN` — 모집 중이 아님 (`DRAFT`·`CLOSED`)\n- 409 `DUPLICATE_ENROLLMENT` — 이미 활성 신청이 있음\n- 409 `KLASS_CAPACITY_FULL` — 정원 초과\n\n**정원이 차도 대기열로 자동 등록되지 않는다.** 대기를 원하면\n`POST /v1/klasses/{klassId}/waitlists` 를 별도로 호출한다.",
        "operationId" : "수강신청-신청",
        "parameters" : [ {
          "name" : "klassId",
          "in" : "path",
          "description" : "강의 PK",
          "required" : true,
          "schema" : {
            "type" : "string"
          }
        }, {
          "name" : "Authorization",
          "in" : "header",
          "description" : "Access Token (`Bearer {token}`)",
          "required" : true,
          "schema" : {
            "type" : "string"
          },
          "example" : "Bearer eyJhbGciOiJIUzI1NiJ9.eyJzdWIiOiIxIn0.signature"
        } ],
        "responses" : {
          "201" : {
            "description" : "201",
            "content" : {
              "application/json" : {
                "schema" : {
                  "$ref" : "#/components/schemas/EnrollmentResponse"
                },
                "examples" : {
                  "수강신청-신청" : {
                    "value" : "{\n  \"success\" : true,\n  \"data\" : {\n    \"id\" : 42,\n    \"klassId\" : 7,\n    \"klassTitle\" : \"스프링 부트 입문\",\n    \"status\" : \"PENDING\",\n    \"source\" : \"DIRECT\",\n    \"createdAt\" : \"2026-09-03T10:00:00\",\n    \"expiresAt\" : \"2026-09-03T10:30:00\",\n    \"confirmedAt\" : null,\n    \"cancelledAt\" : null,\n    \"cancelReason\" : null,\n    \"isCancellable\" : true\n  },\n  \"error\" : null\n}"
                  }
                }
              }
            }
          }
        },
        "security" : [ {
          "bearerAuthJWT" : [ ]
        } ]
      }
    },
    "/v1/klasses/{klassId}/waitlists" : {
      "post" : {
        "tags" : [ "대기열" ],
        "summary" : "대기열 등록",
        "description" : "정원이 찬 강의의 대기열에 등록한다. **요청 본문이 없다.**\n\n**신청이 정원 초과로 거부됐을 때 자동으로 실행되지 않는다** —\n요청하지 않은 사용자를 대기열에 넣는 것은 월권이므로 사용자가\n이 API 를 직접 호출해야 한다.\n\n누군가 취소하면 순번이 앞선 대기자가 **같은 트랜잭션에서 승격**되어\n`PENDING` 신청이 생긴다. 승격은 한 번에 1건이고, 반납된 좌석이 일반\n신청자에게 노출되는 틈이 없다.\n\n거부 조건:\n- 404 `KLASS_NOT_FOUND`\n- 403 `SELF_ENROLLMENT_FORBIDDEN` — **본인이 개설한 강의**\n- 409 `KLASS_NOT_OPEN` — 모집 중이 아님\n- 409 `DUPLICATE_ENROLLMENT` — 이미 활성 신청이 있음\n- 409 `DUPLICATE_WAITLIST` — 이미 대기 중\n- 409 `WAITLIST_SEAT_AVAILABLE` — **자리가 남아 있음.** 승격은 좌석\n  반납에서만 트리거되므로 빈자리가 있으면 영구히 기다리게 된다.\n  신청 API 를 쓸 것\n\n응답의 `id` 를 보관해야 한다 — 대기 포기 API 의 경로 변수이며,\n놓치면 `GET /v1/waitlists/me` 로 다시 찾아야 한다.",
        "operationId" : "대기열-등록",
        "parameters" : [ {
          "name" : "klassId",
          "in" : "path",
          "description" : "강의 PK",
          "required" : true,
          "schema" : {
            "type" : "string"
          }
        }, {
          "name" : "Authorization",
          "in" : "header",
          "description" : "Access Token (`Bearer {token}`)",
          "required" : true,
          "schema" : {
            "type" : "string"
          },
          "example" : "Bearer eyJhbGciOiJIUzI1NiJ9.eyJzdWIiOiIxIn0.signature"
        } ],
        "responses" : {
          "201" : {
            "description" : "201",
            "content" : {
              "application/json" : {
                "schema" : {
                  "$ref" : "#/components/schemas/WaitlistResponse"
                },
                "examples" : {
                  "대기열-등록" : {
                    "value" : "{\n  \"success\" : true,\n  \"data\" : {\n    \"id\" : 91,\n    \"klassId\" : 7,\n    \"klassTitle\" : \"스프링 부트 입문\",\n    \"position\" : 3,\n    \"status\" : \"WAITING\",\n    \"createdAt\" : \"2026-09-03T10:00:00\",\n    \"promotedAt\" : null\n  },\n  \"error\" : null\n}"
                  }
                }
              }
            }
          }
        },
        "security" : [ {
          "bearerAuthJWT" : [ ]
        } ]
      }
    },
    "/v1/waitlists/{id}/cancel" : {
      "post" : {
        "tags" : [ "대기열" ],
        "summary" : "대기 포기",
        "description" : "대기를 포기한다. **본인의 대기만 가능하다.**\n\n**이미 승격됐으면 409 `WAITLIST_NOT_WAITING` 이다.** 승격이 먼저\n커밋된 상황에서 포기시켜 버리면 배정된 좌석이 주인 없이 남는다 —\n사용자는 \"이미 자리가 배정되었다\"를 안내받고, 그 좌석을 원하지 않으면\n생성된 신청을 취소해야 한다.\n\n포기한 순번은 **재사용하지 않고 gap 으로 남는다.** 순번 재배열은 여러\n행을 갱신해 락 범위를 넓히고, 순번의 절대값이 사용자에게 의미를 갖지\n않기 때문이다. 같은 강의에 **다시 등록하는 것은 허용된다.**\n\n거부 조건:\n- 404 `WAITLIST_NOT_FOUND`\n- 403 `NOT_WAITLIST_OWNER`\n- 409 `WAITLIST_NOT_WAITING` — 이미 승격·포기됨",
        "operationId" : "대기열-포기",
        "parameters" : [ {
          "name" : "id",
          "in" : "path",
          "description" : "대기 PK",
          "required" : true,
          "schema" : {
            "type" : "string"
          }
        }, {
          "name" : "Authorization",
          "in" : "header",
          "description" : "Access Token (`Bearer {token}`)",
          "required" : true,
          "schema" : {
            "type" : "string"
          },
          "example" : "Bearer eyJhbGciOiJIUzI1NiJ9.eyJzdWIiOiIxIn0.signature"
        } ],
        "responses" : {
          "200" : {
            "description" : "200",
            "content" : {
              "application/json" : {
                "schema" : {
                  "$ref" : "#/components/schemas/WaitlistResponse"
                },
                "examples" : {
                  "대기열-포기" : {
                    "value" : "{\n  \"success\" : true,\n  \"data\" : {\n    \"id\" : 91,\n    \"klassId\" : 7,\n    \"klassTitle\" : \"스프링 부트 입문\",\n    \"position\" : 3,\n    \"status\" : \"CANCELLED\",\n    \"createdAt\" : \"2026-09-03T10:00:00\",\n    \"promotedAt\" : null\n  },\n  \"error\" : null\n}"
                  }
                }
              }
            }
          }
        },
        "security" : [ {
          "bearerAuthJWT" : [ ]
        } ]
      }
    }
  },
  "components" : {
    "schemas" : {
      "LogoutRequest" : {
        "title" : "LogoutRequest",
        "required" : [ "refreshToken" ],
        "type" : "object",
        "properties" : {
          "refreshToken" : {
            "type" : "string",
            "description" : "폐기할 Refresh 토큰"
          }
        }
      },
      "ErrorResponse" : {
        "title" : "ErrorResponse",
        "required" : [ "data", "success" ],
        "type" : "object",
        "properties" : {
          "success" : {
            "type" : "boolean",
            "description" : "성공 여부 (항상 false)"
          },
          "error" : {
            "required" : [ "code", "details", "message" ],
            "type" : "object",
            "properties" : {
              "code" : {
                "type" : "string",
                "description" : "에러 코드. enum 상수명이 그대로 쓰인다 (예: `INVALID_CREDENTIALS`)"
              },
              "details" : {
                "type" : "object",
                "description" : "필드별 상세. 입력 검증 실패에서만 채워지고 그 외에는 빈 객체"
              },
              "message" : {
                "type" : "string",
                "description" : "사용자에게 보여줄 메시지"
              }
            }
          }
        }
      },
      "EnrollmentResponse" : {
        "title" : "EnrollmentResponse",
        "required" : [ "error", "success" ],
        "type" : "object",
        "properties" : {
          "data" : {
            "required" : [ "createdAt", "id", "isCancellable", "klassId", "klassTitle", "source", "status" ],
            "type" : "object",
            "properties" : {
              "createdAt" : {
                "type" : "string",
                "description" : "신청 시각"
              },
              "klassTitle" : {
                "type" : "string",
                "description" : "강의 제목"
              },
              "isCancellable" : {
                "type" : "boolean",
                "description" : "지금 취소할 수 있는지. **서버가 판정해 내려준다** — 취소 가능 기간과 강의 종료일을 클라이언트가 계산하면 판정이 양쪽에 복제된다"
              },
              "klassId" : {
                "type" : "number",
                "description" : "강의 PK"
              },
              "source" : {
                "type" : "string",
                "description" : "`DIRECT`(직접 신청) / `WAITLIST`(승격)"
              },
              "id" : {
                "type" : "number",
                "description" : "신청 PK. 확정·취소 API 의 경로 변수"
              },
              "confirmedAt" : {
                "type" : "string",
                "description" : "결제 확정 시각. 취소 가능 기간의 기산점",
                "nullable" : true
              },
              "status" : {
                "type" : "string",
                "description" : "`PENDING` / `CONFIRMED` / `CANCELLED`"
              }
            }
          },
          "success" : {
            "type" : "boolean",
            "description" : "성공 여부"
          }
        }
      },
      "EnrollmentSummaryPage" : {
        "title" : "EnrollmentSummaryPage",
        "required" : [ "error", "success" ],
        "type" : "object",
        "properties" : {
          "data" : {
            "required" : [ "hasNext" ],
            "type" : "object",
            "properties" : {
              "nextCursor" : {
                "type" : "number",
                "description" : "다음 요청의 `cursor`. `hasNext` 가 false 면 null",
                "nullable" : true
              },
              "hasNext" : {
                "type" : "boolean",
                "description" : "다음 페이지 존재 여부"
              },
              "items" : {
                "type" : "array",
                "items" : {
                  "required" : [ "createdAt", "id", "isCancellable", "klassId", "klassTitle", "source", "status" ],
                  "type" : "object",
                  "properties" : {
                    "createdAt" : {
                      "type" : "string",
                      "description" : "신청 시각"
                    },
                    "klassTitle" : {
                      "type" : "string",
                      "description" : "강의 제목"
                    },
                    "isCancellable" : {
                      "type" : "boolean",
                      "description" : "지금 취소할 수 있는지"
                    },
                    "klassId" : {
                      "type" : "number",
                      "description" : "강의 PK"
                    },
                    "source" : {
                      "type" : "string",
                      "description" : "신청 출처"
                    },
                    "id" : {
                      "type" : "number",
                      "description" : "신청 PK"
                    },
                    "status" : {
                      "type" : "string",
                      "description" : "신청 상태"
                    }
                  }
                }
              }
            }
          },
          "success" : {
            "type" : "boolean",
            "description" : "성공 여부"
          }
        }
      },
      "ChangeKlassStatusRequest" : {
        "title" : "ChangeKlassStatusRequest",
        "required" : [ "status" ],
        "type" : "object",
        "properties" : {
          "status" : {
            "type" : "string",
            "description" : "목표 상태. `OPEN` 또는 `CLOSED`"
          }
        }
      },
      "KlassEnrollmentPage" : {
        "title" : "KlassEnrollmentPage",
        "required" : [ "error", "success" ],
        "type" : "object",
        "properties" : {
          "data" : {
            "required" : [ "hasNext" ],
            "type" : "object",
            "properties" : {
              "hasNext" : {
                "type" : "boolean",
                "description" : "다음 페이지 존재 여부"
              },
              "items" : {
                "type" : "array",
                "items" : {
                  "required" : [ "createdAt", "id", "source", "status", "userId", "username" ],
                  "type" : "object",
                  "properties" : {
                    "createdAt" : {
                      "type" : "string",
                      "description" : "신청 시각"
                    },
                    "source" : {
                      "type" : "string",
                      "description" : "신청 출처"
                    },
                    "id" : {
                      "type" : "number",
                      "description" : "신청 PK"
                    },
                    "confirmedAt" : {
                      "type" : "string",
                      "description" : "결제 확정 시각. 확정 전이면 null",
                      "nullable" : true
                    },
                    "userId" : {
                      "type" : "number",
                      "description" : "수강생 PK"
                    },
                    "status" : {
                      "type" : "string",
                      "description" : "신청 상태"
                    },
                    "username" : {
                      "type" : "string",
                      "description" : "수강생 로그인 아이디"
                    }
                  }
                }
              }
            }
          },
          "success" : {
            "type" : "boolean",
            "description" : "성공 여부"
          }
        }
      },
      "KlassPageResponse" : {
        "title" : "KlassPageResponse",
        "required" : [ "error", "success" ],
        "type" : "object",
        "properties" : {
          "data" : {
            "required" : [ "hasNext", "nextCursor" ],
            "type" : "object",
            "properties" : {
              "nextCursor" : {
                "type" : "number",
                "description" : "다음 요청에 넣을 `cursor`. `hasNext` 가 false 면 null"
              },
              "hasNext" : {
                "type" : "boolean",
                "description" : "다음 페이지 존재 여부"
              },
              "items" : {
                "type" : "array",
                "items" : {
                  "required" : [ "capacity", "endsOn", "enrollmentCount", "id", "price", "startsOn", "status", "title" ],
                  "type" : "object",
                  "properties" : {
                    "endsOn" : {
                      "type" : "string",
                      "description" : "수강 종료일"
                    },
                    "creator" : {
                      "required" : [ "id", "username" ],
                      "type" : "object",
                      "properties" : {
                        "id" : {
                          "type" : "number",
                          "description" : "개설자 PK"
                        },
                        "username" : {
                          "type" : "string",
                          "description" : "개설자 로그인 아이디"
                        }
                      }
                    },
                    "price" : {
                      "type" : "number",
                      "description" : "수강료"
                    },
                    "enrollmentCount" : {
                      "type" : "number",
                      "description" : "좌석 점유 인원"
                    },
                    "id" : {
                      "type" : "number",
                      "description" : "강의 PK"
                    },
                    "title" : {
                      "type" : "string",
                      "description" : "강의 제목"
                    },
                    "startsOn" : {
                      "type" : "string",
                      "description" : "수강 시작일"
                    },
                    "status" : {
                      "type" : "string",
                      "description" : "강의 상태"
                    },
                    "capacity" : {
                      "type" : "number",
                      "description" : "최대 정원"
                    }
                  }
                }
              }
            }
          },
          "success" : {
            "type" : "boolean",
            "description" : "성공 여부"
          }
        }
      },
      "WaitlistPage" : {
        "title" : "WaitlistPage",
        "required" : [ "error", "success" ],
        "type" : "object",
        "properties" : {
          "data" : {
            "required" : [ "hasNext" ],
            "type" : "object",
            "properties" : {
              "hasNext" : {
                "type" : "boolean",
                "description" : "다음 페이지 존재 여부"
              },
              "items" : {
                "type" : "array",
                "items" : {
                  "required" : [ "createdAt", "id", "klassId", "klassTitle", "position", "status" ],
                  "type" : "object",
                  "properties" : {
                    "createdAt" : {
                      "type" : "string",
                      "description" : "대기 등록 시각"
                    },
                    "klassTitle" : {
                      "type" : "string",
                      "description" : "강의 제목"
                    },
                    "klassId" : {
                      "type" : "number",
                      "description" : "강의 PK"
                    },
                    "position" : {
                      "type" : "number",
                      "description" : "대기 순번. **취소된 앞 순번은 gap 으로 남으므로 실제 대기 인원수와 다를 수 있다** — \"내 앞에 N명\"으로 읽으면 안 된다"
                    },
                    "id" : {
                      "type" : "number",
                      "description" : "대기 PK. **대기 포기 API 의 경로 변수**다"
                    },
                    "status" : {
                      "type" : "string",
                      "description" : "`WAITING` / `PROMOTED`(승격됨) / `CANCELLED`(포기·정리됨)"
                    }
                  }
                }
              }
            }
          },
          "success" : {
            "type" : "boolean",
            "description" : "성공 여부"
          }
        }
      },
      "UpdateKlassRequest" : {
        "title" : "UpdateKlassRequest",
        "required" : [ "capacity", "description", "endsOn", "price", "startsOn", "title" ],
        "type" : "object",
        "properties" : {
          "cancellationPeriodDays" : {
            "type" : "number",
            "description" : "취소 가능 기간(일). 생략하거나 `null` 이면 전역 기본값. **`DRAFT` 에서만 반영된다** — 다른 상태에서 보낸 값은 에러가 아니라 무시되고 200 이 나간다. 반영 여부는 응답으로 확인",
            "nullable" : true
          },
          "endsOn" : {
            "type" : "string",
            "description" : "수강 종료일. 시작일 이후"
          },
          "price" : {
            "type" : "number",
            "description" : "수강료. 0 이상"
          },
          "description" : {
            "type" : "string",
            "description" : "강의 내용. **필수값**"
          },
          "title" : {
            "type" : "string",
            "description" : "강의 제목. 최대 200자"
          },
          "startsOn" : {
            "type" : "string",
            "description" : "수강 시작일"
          },
          "capacity" : {
            "type" : "number",
            "description" : "최대 정원. 1 이상. 이미 신청한 인원보다 적게 줄일 수 없다"
          }
        }
      },
      "ReissueRequest" : {
        "title" : "ReissueRequest",
        "required" : [ "refreshToken" ],
        "type" : "object",
        "properties" : {
          "refreshToken" : {
            "type" : "string",
            "description" : "이미 사용된 Refresh 토큰"
          }
        }
      },
      "UserResponse" : {
        "title" : "UserResponse",
        "required" : [ "error", "success" ],
        "type" : "object",
        "properties" : {
          "data" : {
            "required" : [ "createdAt", "id", "isEnabled", "roles", "username" ],
            "type" : "object",
            "properties" : {
              "createdAt" : {
                "type" : "string",
                "description" : "생성 시각. 서버 시간대의 ISO-8601 로컬 일시 (예: `2026-08-30T00:00:00`)"
              },
              "isEnabled" : {
                "type" : "boolean",
                "description" : "활성 여부"
              },
              "roles" : {
                "type" : "array",
                "description" : "권한 목록",
                "items" : {
                  "oneOf" : [ {
                    "type" : "object"
                  }, {
                    "type" : "boolean"
                  }, {
                    "type" : "string"
                  }, {
                    "type" : "number"
                  } ]
                }
              },
              "id" : {
                "type" : "number",
                "description" : "사용자 PK"
              },
              "username" : {
                "type" : "string",
                "description" : "로그인 아이디"
              }
            }
          },
          "success" : {
            "type" : "boolean",
            "description" : "성공 여부"
          }
        }
      },
      "RegisterKlassRequest" : {
        "title" : "RegisterKlassRequest",
        "required" : [ "capacity", "description", "endsOn", "price", "startsOn", "title" ],
        "type" : "object",
        "properties" : {
          "cancellationPeriodDays" : {
            "type" : "number",
            "description" : "취소 가능 기간(일). 생략하면 전역 기본값",
            "nullable" : true
          },
          "endsOn" : {
            "type" : "string",
            "description" : "수강 종료일. 시작일 이후"
          },
          "price" : {
            "type" : "number",
            "description" : "수강료. 0 이상"
          },
          "description" : {
            "type" : "string",
            "description" : "강의 내용. **필수값**"
          },
          "title" : {
            "type" : "string",
            "description" : "강의 제목. 최대 200자"
          },
          "startsOn" : {
            "type" : "string",
            "description" : "수강 시작일"
          },
          "capacity" : {
            "type" : "number",
            "description" : "최대 정원. 1 이상"
          }
        }
      },
      "WaitlistResponse" : {
        "title" : "WaitlistResponse",
        "required" : [ "error", "success" ],
        "type" : "object",
        "properties" : {
          "data" : {
            "required" : [ "createdAt", "id", "klassId", "klassTitle", "position", "status" ],
            "type" : "object",
            "properties" : {
              "createdAt" : {
                "type" : "string",
                "description" : "대기 등록 시각"
              },
              "klassTitle" : {
                "type" : "string",
                "description" : "강의 제목"
              },
              "klassId" : {
                "type" : "number",
                "description" : "강의 PK"
              },
              "position" : {
                "type" : "number",
                "description" : "대기 순번. **취소된 앞 순번은 gap 으로 남으므로 실제 대기 인원수와 다를 수 있다** — \"내 앞에 N명\"으로 읽으면 안 된다"
              },
              "id" : {
                "type" : "number",
                "description" : "대기 PK. **대기 포기 API 의 경로 변수**다"
              },
              "status" : {
                "type" : "string",
                "description" : "`WAITING` / `PROMOTED`(승격됨) / `CANCELLED`(포기·정리됨)"
              }
            }
          },
          "success" : {
            "type" : "boolean",
            "description" : "성공 여부"
          }
        }
      },
      "LoginRequest" : {
        "title" : "LoginRequest",
        "required" : [ "password", "username" ],
        "type" : "object",
        "properties" : {
          "password" : {
            "type" : "string",
            "description" : "평문 비밀번호"
          },
          "username" : {
            "type" : "string",
            "description" : "로그인 아이디"
          }
        }
      },
      "KlassResponse" : {
        "title" : "KlassResponse",
        "required" : [ "error", "success" ],
        "type" : "object",
        "properties" : {
          "data" : {
            "required" : [ "cancellationPeriodDays", "capacity", "createdAt", "description", "endsOn", "enrollmentCount", "id", "price", "startsOn", "status", "title", "updatedAt" ],
            "type" : "object",
            "properties" : {
              "cancellationPeriodDays" : {
                "type" : "number",
                "description" : "취소 가능 기간(일). null 이면 전역 기본값"
              },
              "endsOn" : {
                "type" : "string",
                "description" : "수강 종료일"
              },
              "creator" : {
                "required" : [ "id", "username" ],
                "type" : "object",
                "properties" : {
                  "id" : {
                    "type" : "number",
                    "description" : "개설자 PK"
                  },
                  "username" : {
                    "type" : "string",
                    "description" : "개설자 로그인 아이디"
                  }
                }
              },
              "description" : {
                "type" : "string",
                "description" : "강의 내용. **필수값**이다"
              },
              "title" : {
                "type" : "string",
                "description" : "강의 제목"
              },
              "startsOn" : {
                "type" : "string",
                "description" : "수강 시작일 (ISO-8601 날짜)"
              },
              "capacity" : {
                "type" : "number",
                "description" : "최대 정원"
              },
              "createdAt" : {
                "type" : "string",
                "description" : "등록 시각"
              },
              "price" : {
                "type" : "number",
                "description" : "수강료"
              },
              "enrollmentCount" : {
                "type" : "number",
                "description" : "좌석 점유 인원 (PENDING + CONFIRMED)"
              },
              "id" : {
                "type" : "number",
                "description" : "강의 PK"
              },
              "updatedAt" : {
                "type" : "string",
                "description" : "최종 수정 시각. 수정된 적 없으면 `createdAt` 과 같다"
              },
              "status" : {
                "type" : "string",
                "description" : "강의 상태. `DRAFT` / `OPEN` / `CLOSED`"
              }
            }
          },
          "success" : {
            "type" : "boolean",
            "description" : "성공 여부"
          }
        }
      },
      "TokenResponse" : {
        "title" : "TokenResponse",
        "required" : [ "error", "success" ],
        "type" : "object",
        "properties" : {
          "data" : {
            "required" : [ "accessToken", "accessTokenExpiresAt", "accessTokenExpiresIn", "refreshToken", "refreshTokenExpiresAt", "refreshTokenExpiresIn", "tokenType" ],
            "type" : "object",
            "properties" : {
              "refreshTokenExpiresIn" : {
                "type" : "number",
                "description" : "Refresh 유효 시간(초)"
              },
              "refreshTokenExpiresAt" : {
                "type" : "string",
                "description" : "Refresh 만료 일시 (서버 시간대)"
              },
              "accessTokenExpiresIn" : {
                "type" : "number",
                "description" : "Access 유효 시간(초). 클라이언트 시계 기준으로 갱신 타이머를 걸 때 쓴다"
              },
              "accessTokenExpiresAt" : {
                "type" : "string",
                "description" : "Access 만료 일시 (서버 시간대). 표시·저장용"
              },
              "accessToken" : {
                "type" : "string",
                "description" : "Access 토큰. 보호된 API 호출에 쓴다"
              },
              "tokenType" : {
                "type" : "string",
                "description" : "인증 스킴. 항상 `Bearer`"
              },
              "refreshToken" : {
                "type" : "string",
                "description" : "Refresh 토큰. 재발급에만 쓴다"
              }
            }
          },
          "success" : {
            "type" : "boolean",
            "description" : "성공 여부"
          }
        }
      }
    },
    "securitySchemes" : {
      "bearerAuthJWT" : {
        "type" : "http",
        "scheme" : "bearer",
        "bearerFormat" : "JWT"
      }
    }
  }
}
[22:30:49] --> GET /docs/api-guide.html
    <-- HTTP 200
    ResponseBody: <!DOCTYPE html>
<html lang="ko">
<head>
  <meta charset="utf-8">
  <meta name="viewport" content="width=device-width, initial-scale=1">
  <title>klass API — 가이드</title>
  <!--
    Redoc 으로 openapi3.json 을 렌더링한다.
    이 spec 은 소스에 없다. RestDocs 테스트가 남긴 스니펫에서 빌드가 생성해
    build/api-docs-static/static/docs/ 로 복사한 산출물이다.
    따라서 이 페이지가 비어 있다면 테스트를 돌리지 않은 것이다.
  -->
  <style>
    body { margin: 0; padding: 0; }
  </style>
</head>
<body>
<redoc spec-url="./openapi3.json" expand-responses="all"></redoc>
<script src="https://cdn.jsdelivr.net/npm/redoc/bundles/redoc.standalone.js"></script>
</body>
</html>
[22:30:49] --> GET /docs/api-test.html
    <-- HTTP 200
    ResponseBody: <!DOCTYPE html>
<html lang="ko">
<head>
  <meta charset="utf-8">
  <meta name="viewport" content="width=device-width, initial-scale=1">
  <title>klass API — 테스트</title>
  <!--
    Swagger UI 로 같은 openapi3.json 을 렌더링한다.
    Redoc(api-guide.html)은 읽기 좋은 문서, 이쪽은 Try it out 으로 직접 호출해 보는 용도다.
  -->
  <link rel="stylesheet" href="https://cdn.jsdelivr.net/npm/swagger-ui-dist@5/swagger-ui.css">
  <style>
    body { margin: 0; background: #fafafa; }
  </style>
</head>
<body>
<div id="swagger-ui"></div>
<script src="https://cdn.jsdelivr.net/npm/swagger-ui-dist@5/swagger-ui-bundle.js" crossorigin></script>
<script src="https://cdn.jsdelivr.net/npm/swagger-ui-dist@5/swagger-ui-standalone-preset.js" crossorigin></script>
<script>
  window.onload = function () {
    window.ui = SwaggerUIBundle({
      url: "./openapi3.json",
      dom_id: "#swagger-ui",
      deepLinking: true,
      presets: [SwaggerUIBundle.presets.apis, SwaggerUIStandalonePreset],
      layout: "StandaloneLayout"
    });
  };
</script>
</body>
</html>
